2026-09-21 15:30:44 | INFO | P06 | === RUN START ===
2026-09-21 15:30:44 | INFO | P06 | project=P06 - LINEAR REGRESSION
2026-09-21 15:30:44 | INFO | P06 | repo_dir=datafun-06-ml
2026-09-21 15:30:44 | INFO | P06 | python=3.14.7
2026-09-21 15:30:44 | INFO | P06 | os=Darwin 23.5.0
2026-09-21 15:30:44 | INFO | P06 | shell=zsh
2026-09-21 15:30:44 | INFO | P06 | cwd=.
2026-09-21 15:30:44 | INFO | P06 | github_actions=False
2026-09-21 15:30:44 | INFO | P06 | ===================================
2026-09-21 15:30:44 | INFO | P06 | START main()
2026-09-21 15:30:44 | INFO | P06 | ===================================
2026-09-21 15:30:44 | INFO | P06 | -------------------------------
2026-09-21 15:30:44 | INFO | P06 | 01. OBSERVE the data and prior findings.
2026-09-21 15:30:44 | INFO | P06 | -------------------------------
2026-09-21 15:30:44 | INFO | P06 | data file = data/raw/penguins.csv
2026-09-21 15:30:44 | INFO | P06 | Data loaded successfully.
2026-09-21 15:30:44 | INFO | P06 | Grain: one penguin
2026-09-21 15:30:44 | INFO | P06 | Rows: 344
2026-09-21 15:30:44 | INFO | P06 | Columns: 8
2026-09-21 15:30:44 | INFO | P06 | Column names: ['species', 'island', 'bill_length_mm', 'bill_depth_mm', 'flipper_length_mm', 'body_mass_g', 'sex', 'year']
2026-09-21 15:30:44 | INFO | P06 | -------------------------------
2026-09-21 15:30:44 | INFO | P06 | 02. DECLARE the target and feature.
2026-09-21 15:30:44 | INFO | P06 | -------------------------------
2026-09-21 15:30:44 | INFO | P06 | Target:  body_mass_g
2026-09-21 15:30:44 | INFO | P06 | Feature: bill_length_mm
2026-09-21 15:30:44 | INFO | P06 | 
I want to predict body mass.

I selected bill length as the feature.

A bigger penguin may have both a longer bill and more mass,
so bill length might contain useful information
for predicting body mass.

I do not know yet how well bill length will predict body mass.
The modeling process will provide evidence.

2026-09-21 15:30:44 | INFO | P06 | -------------------------------
2026-09-21 15:30:44 | INFO | P06 | 03. PREPARE the modeling data.
2026-09-21 15:30:44 | INFO | P06 | -------------------------------
2026-09-21 15:30:44 | INFO | P06 | Original rows: 344
2026-09-21 15:30:44 | INFO | P06 | Modeling rows: 342
2026-09-21 15:30:44 | INFO | P06 | Rows dropped: 2
2026-09-21 15:30:44 | INFO | P06 | X shape: (342, 1)
2026-09-21 15:30:44 | INFO | P06 | y shape: (342,)
2026-09-21 15:30:44 | INFO | P06 | -------------------------------
2026-09-21 15:30:44 | INFO | P06 | 04. SPLIT into training and test data.
2026-09-21 15:30:44 | INFO | P06 | -------------------------------
2026-09-21 15:30:44 | INFO | P06 | 
I will use 80% of the modeling rows for training
and hold back 20% for testing.

I want most of the available data to be available
for learning the model,
while still keeping a separate set of observations
that the model did not see during training.

The test rows will be used later
to evaluate how the trained model performs
on unseen observations.

I will use a random seed of 42.

The specific value 42 is not analytically important.
I use a fixed seed so the random split is reproducible.
Running the project again will produce the same
training and test observations,
which makes results easier to reproduce and compare.

2026-09-21 15:30:44 | INFO | P06 | Training rows: 273
2026-09-21 15:30:44 | INFO | P06 | Test rows: 69
2026-09-21 15:30:44 | INFO | P06 | -------------------------------
2026-09-21 15:30:44 | INFO | P06 | 05. BASELINE with a simple reference model.
2026-09-21 15:30:44 | INFO | P06 | -------------------------------
2026-09-21 15:30:44 | INFO | P06 | 
Before evaluating the LinearRegression model,
I need a simple baseline for comparison.

The baseline will ignore bill length
and predict the average body mass
from the training data for every test observation.

A useful predictive model should improve
on this simple reference prediction.

2026-09-21 15:30:45 | INFO | P06 | Baseline strategy: mean
2026-09-21 15:30:45 | INFO | P06 | Baseline RMSE: 751.68
2026-09-21 15:30:45 | INFO | P06 | Baseline R-squared: -0.002
2026-09-21 15:30:45 | INFO | P06 | -------------------------------
2026-09-21 15:30:45 | INFO | P06 | 06. TRAIN a LinearRegression model.
2026-09-21 15:30:45 | INFO | P06 | -------------------------------
2026-09-21 15:30:45 | INFO | P06 | 
I will use LinearRegression.

Linear regression fits a straight-line relationship
between the selected feature and target.

This gives a simple and interpretable model
that can be compared with the baseline.

Fitting a line does not prove that a straight line
is a good description of the relationship.

The evaluation metrics and residual plot
will help assess whether the model is useful.

2026-09-21 15:30:45 | INFO | P06 | The model learned this line:
2026-09-21 15:30:45 | INFO | P06 | body_mass_g = 85.343 * bill_length_mm + 454.089
2026-09-21 15:30:45 | INFO | P06 | -------------------------------
2026-09-21 15:30:45 | INFO | P06 | 07. PREDICT on X_test.
2026-09-21 15:30:45 | INFO | P06 | -------------------------------
2026-09-21 15:30:45 | INFO | P06 | Predictions created: 69
2026-09-21 15:30:45 | INFO | P06 | -------------------------------
2026-09-21 15:30:45 | INFO | P06 | 08. EVALUATE baseline vs model on y_test.
2026-09-21 15:30:45 | INFO | P06 | -------------------------------
2026-09-21 15:30:45 | INFO | P06 | BASELINE RESULTS
2026-09-21 15:30:45 | INFO | P06 | RMSE:      751.68
2026-09-21 15:30:45 | INFO | P06 | R-squared: -0.002
2026-09-21 15:30:45 | INFO | P06 | LINEAR REGRESSION RESULTS
2026-09-21 15:30:45 | INFO | P06 | RMSE:      565.76
2026-09-21 15:30:45 | INFO | P06 | R-squared: 0.433
2026-09-21 15:30:45 | INFO | P06 | -------------------------------
2026-09-21 15:30:45 | INFO | P06 | 09. VISUALIZE predictions and residuals.
2026-09-21 15:30:45 | INFO | P06 | -------------------------------
2026-09-21 15:30:46 | INFO | P06 | Chart saved successfully at docs/images/regression-predictions.png.
2026-09-21 15:30:46 | INFO | P06 | Chart saved successfully at docs/images/regression-residuals.png.
2026-09-21 15:30:46 | INFO | P06 | -------------------------------
2026-09-21 15:30:46 | INFO | P06 | 10. ASSESS the results.
2026-09-21 15:30:46 | INFO | P06 | -------------------------------
2026-09-21 15:30:46 | INFO | P06 | CUSTOM OBSERVATIONS:
    I used bill length to predict body mass.

    The baseline RMSE was ...
    The LinearRegression RMSE was ...

    Compared with the baseline,
    the LinearRegression model ...

    The model R-squared was ...

    In the residual plot, I observed ...

    Based on this evidence,
    I conclude ...

    Next, I would like to try ...
    
2026-09-21 15:30:46 | INFO | P06 | In a script, call plt.show() at the end to display all charts.
2026-09-21 15:30:46 | INFO | P06 | Close all chart windows (with the close button) to continue.
2026-09-21 15:30:58 | INFO | P06 | ===================================
2026-09-21 15:30:58 | INFO | P06 | END main() - Executed successfully!
2026-09-21 15:30:58 | INFO | P06 | ===================================
2026-09-22 09:57:11 | INFO | P06 | === RUN START ===
2026-09-22 09:57:11 | INFO | P06 | project=P06 - LINEAR REGRESSION
2026-09-22 09:57:11 | INFO | P06 | repo_dir=datafun-06-ml
2026-09-22 09:57:11 | INFO | P06 | python=3.14.7
2026-09-22 09:57:11 | INFO | P06 | os=Darwin 23.5.0
2026-09-22 09:57:11 | INFO | P06 | shell=zsh
2026-09-22 09:57:11 | INFO | P06 | cwd=.
2026-09-22 09:57:11 | INFO | P06 | github_actions=False
2026-09-22 09:57:11 | INFO | P06 | ===================================
2026-09-22 09:57:11 | INFO | P06 | START main()
2026-09-22 09:57:11 | INFO | P06 | ===================================
2026-09-22 09:57:11 | INFO | P06 | -------------------------------
2026-09-22 09:57:11 | INFO | P06 | 01. OBSERVE the data and prior findings.
2026-09-22 09:57:11 | INFO | P06 | -------------------------------
2026-09-22 09:57:11 | INFO | P06 | data file = data/raw/penguins.csv
2026-09-22 09:57:11 | INFO | P06 | Data loaded successfully.
2026-09-22 09:57:11 | INFO | P06 | Grain: one penguin
2026-09-22 09:57:11 | INFO | P06 | Rows: 344
2026-09-22 09:57:11 | INFO | P06 | Columns: 8
2026-09-22 09:57:11 | INFO | P06 | Column names: ['species', 'island', 'bill_length_mm', 'bill_depth_mm', 'flipper_length_mm', 'body_mass_g', 'sex', 'year']
2026-09-22 09:57:11 | INFO | P06 | -------------------------------
2026-09-22 09:57:11 | INFO | P06 | 02. DECLARE the target and feature.
2026-09-22 09:57:11 | INFO | P06 | -------------------------------
2026-09-22 09:57:11 | INFO | P06 | Target:  body_mass_g
2026-09-22 09:57:11 | INFO | P06 | Feature: bill_length_mm
2026-09-22 09:57:11 | INFO | P06 | 
I want to predict body mass.

I selected bill length as the feature.

A bigger penguin may have both a longer bill and more mass,
so bill length might contain useful information
for predicting body mass.

I do not know yet how well bill length will predict body mass.
The modeling process will provide evidence.

2026-09-22 09:57:11 | INFO | P06 | -------------------------------
2026-09-22 09:57:11 | INFO | P06 | 03. PREPARE the modeling data.
2026-09-22 09:57:11 | INFO | P06 | -------------------------------
2026-09-22 09:57:11 | INFO | P06 | Original rows: 344
2026-09-22 09:57:11 | INFO | P06 | Modeling rows: 342
2026-09-22 09:57:11 | INFO | P06 | Rows dropped: 2
2026-09-22 09:57:11 | INFO | P06 | X shape: (342, 1)
2026-09-22 09:57:11 | INFO | P06 | y shape: (342,)
2026-09-22 09:57:11 | INFO | P06 | -------------------------------
2026-09-22 09:57:11 | INFO | P06 | 04. SPLIT into training and test data.
2026-09-22 09:57:11 | INFO | P06 | -------------------------------
2026-09-22 09:57:11 | INFO | P06 | 
I will use 80% of the modeling rows for training
and hold back 20% for testing.

I want most of the available data to be available
for learning the model,
while still keeping a separate set of observations
that the model did not see during training.

The test rows will be used later
to evaluate how the trained model performs
on unseen observations.

I will use a random seed of 42.

The specific value 42 is not analytically important.
I use a fixed seed so the random split is reproducible.
Running the project again will produce the same
training and test observations,
which makes results easier to reproduce and compare.

2026-09-22 09:57:11 | INFO | P06 | Training rows: 273
2026-09-22 09:57:11 | INFO | P06 | Test rows: 69
2026-09-22 09:57:11 | INFO | P06 | -------------------------------
2026-09-22 09:57:11 | INFO | P06 | 05. BASELINE with a simple reference model.
2026-09-22 09:57:11 | INFO | P06 | -------------------------------
2026-09-22 09:57:11 | INFO | P06 | 
Before evaluating the LinearRegression model,
I need a simple baseline for comparison.

The baseline will ignore bill length
and predict the average body mass
from the training data for every test observation.

A useful predictive model should improve
on this simple reference prediction.

2026-09-22 09:57:11 | INFO | P06 | Baseline strategy: mean
2026-09-22 09:57:11 | INFO | P06 | Baseline RMSE: 751.68
2026-09-22 09:57:11 | INFO | P06 | Baseline R-squared: -0.002
2026-09-22 09:57:11 | INFO | P06 | -------------------------------
2026-09-22 09:57:11 | INFO | P06 | 06. TRAIN a LinearRegression model.
2026-09-22 09:57:11 | INFO | P06 | -------------------------------
2026-09-22 09:57:11 | INFO | P06 | 
I will use LinearRegression.

Linear regression fits a straight-line relationship
between the selected feature and target.

This gives a simple and interpretable model
that can be compared with the baseline.

Fitting a line does not prove that a straight line
is a good description of the relationship.

The evaluation metrics and residual plot
will help assess whether the model is useful.

2026-09-22 09:57:11 | INFO | P06 | The model learned this line:
2026-09-22 09:57:11 | INFO | P06 | body_mass_g = 85.343 * bill_length_mm + 454.089
2026-09-22 09:57:11 | INFO | P06 | -------------------------------
2026-09-22 09:57:11 | INFO | P06 | 07. PREDICT on X_test.
2026-09-22 09:57:11 | INFO | P06 | -------------------------------
2026-09-22 09:57:11 | INFO | P06 | Predictions created: 69
2026-09-22 09:57:11 | INFO | P06 | -------------------------------
2026-09-22 09:57:11 | INFO | P06 | 08. EVALUATE baseline vs model on y_test.
2026-09-22 09:57:11 | INFO | P06 | -------------------------------
2026-09-22 09:57:11 | INFO | P06 | BASELINE RESULTS
2026-09-22 09:57:11 | INFO | P06 | RMSE:      751.68
2026-09-22 09:57:11 | INFO | P06 | R-squared: -0.002
2026-09-22 09:57:11 | INFO | P06 | LINEAR REGRESSION RESULTS
2026-09-22 09:57:11 | INFO | P06 | RMSE:      565.76
2026-09-22 09:57:11 | INFO | P06 | R-squared: 0.433
2026-09-22 09:57:11 | INFO | P06 | -------------------------------
2026-09-22 09:57:11 | INFO | P06 | 09. VISUALIZE predictions and residuals.
2026-09-22 09:57:11 | INFO | P06 | -------------------------------
2026-09-22 09:57:12 | INFO | P06 | Chart saved successfully at docs/images/regression-predictions.png.
2026-09-22 09:57:12 | INFO | P06 | Chart saved successfully at docs/images/regression-residuals.png.
2026-09-22 09:57:12 | INFO | P06 | -------------------------------
2026-09-22 09:57:12 | INFO | P06 | 10. ASSESS the results.
2026-09-22 09:57:12 | INFO | P06 | -------------------------------
2026-09-22 09:57:12 | INFO | P06 | CUSTOM OBSERVATIONS:
    I used bill length to predict body mass.

    The baseline RMSE was ...
    The LinearRegression RMSE was ...

    Compared with the baseline,
    the LinearRegression model ...

    The model R-squared was ...

    In the residual plot, I observed ...

    Based on this evidence,
    I conclude ...

    Next, I would like to try ...
    
2026-09-22 09:57:12 | INFO | P06 | In a script, call plt.show() at the end to display all charts.
2026-09-22 09:57:12 | INFO | P06 | Close all chart windows (with the close button) to continue.
2026-09-22 09:57:51 | INFO | P06 | ===================================
2026-09-22 09:57:51 | INFO | P06 | END main() - Executed successfully!
2026-09-22 09:57:51 | INFO | P06 | ===================================
2026-09-23 11:39:41 | INFO | P06 | === RUN START ===
2026-09-23 11:39:41 | INFO | P06 | project=P06 - LINEAR REGRESSION
2026-09-23 11:39:41 | INFO | P06 | repo_dir=datafun-06-ml
2026-09-23 11:39:41 | INFO | P06 | python=3.14.7
2026-09-23 11:39:41 | INFO | P06 | os=Darwin 23.5.0
2026-09-23 11:39:41 | INFO | P06 | shell=zsh
2026-09-23 11:39:41 | INFO | P06 | cwd=.
2026-09-23 11:39:41 | INFO | P06 | github_actions=False
2026-09-23 11:39:41 | INFO | P06 | ===================================
2026-09-23 11:39:41 | INFO | P06 | START main()
2026-09-23 11:39:41 | INFO | P06 | ===================================
2026-09-23 11:39:41 | INFO | P06 | -------------------------------
2026-09-23 11:39:41 | INFO | P06 | 01. OBSERVE the data and prior findings.
2026-09-23 11:39:41 | INFO | P06 | -------------------------------
2026-09-23 11:39:41 | INFO | P06 | data file = data/raw/penguins.csv
2026-09-23 11:39:41 | INFO | P06 | Data loaded successfully.
2026-09-23 11:39:41 | INFO | P06 | Grain: one penguin
2026-09-23 11:39:41 | INFO | P06 | Rows: 344
2026-09-23 11:39:41 | INFO | P06 | Columns: 8
2026-09-23 11:39:41 | INFO | P06 | Column names: ['species', 'island', 'bill_length_mm', 'bill_depth_mm', 'flipper_length_mm', 'body_mass_g', 'sex', 'year']
2026-09-23 11:39:41 | INFO | P06 | -------------------------------
2026-09-23 11:39:41 | INFO | P06 | 02. DECLARE the target and feature.
2026-09-23 11:39:41 | INFO | P06 | -------------------------------
2026-09-23 11:39:41 | INFO | P06 | Target:  body_mass_g
2026-09-23 11:39:41 | INFO | P06 | Feature: bill_length_mm
2026-09-23 11:39:41 | INFO | P06 | 
I want to predict body mass.

I selected bill length as the feature.

A bigger penguin may have both a longer bill and more mass,
so bill length might contain useful information
for predicting body mass.

I do not know yet how well bill length will predict body mass.
The modeling process will provide evidence.

2026-09-23 11:39:41 | INFO | P06 | -------------------------------
2026-09-23 11:39:41 | INFO | P06 | 03. PREPARE the modeling data.
2026-09-23 11:39:41 | INFO | P06 | -------------------------------
2026-09-23 11:39:41 | INFO | P06 | Original rows: 344
2026-09-23 11:39:41 | INFO | P06 | Modeling rows: 342
2026-09-23 11:39:41 | INFO | P06 | Rows dropped: 2
2026-09-23 11:39:41 | INFO | P06 | X shape: (342, 1)
2026-09-23 11:39:41 | INFO | P06 | y shape: (342,)
2026-09-23 11:39:41 | INFO | P06 | -------------------------------
2026-09-23 11:39:41 | INFO | P06 | 04. SPLIT into training and test data.
2026-09-23 11:39:41 | INFO | P06 | -------------------------------
2026-09-23 11:39:41 | INFO | P06 | 
I will use 80% of the modeling rows for training
and hold back 20% for testing.

I want most of the available data to be available
for learning the model,
while still keeping a separate set of observations
that the model did not see during training.

The test rows will be used later
to evaluate how the trained model performs
on unseen observations.

I will use a random seed of 42.

The specific value 42 is not analytically important.
I use a fixed seed so the random split is reproducible.
Running the project again will produce the same
training and test observations,
which makes results easier to reproduce and compare.

2026-09-23 11:39:41 | INFO | P06 | Training rows: 273
2026-09-23 11:39:41 | INFO | P06 | Test rows: 69
2026-09-23 11:39:41 | INFO | P06 | -------------------------------
2026-09-23 11:39:41 | INFO | P06 | 05. BASELINE with a simple reference model.
2026-09-23 11:39:41 | INFO | P06 | -------------------------------
2026-09-23 11:39:41 | INFO | P06 | 
Before evaluating the LinearRegression model,
I need a simple baseline for comparison.

The baseline will ignore bill length
and predict the average body mass
from the training data for every test observation.

A useful predictive model should improve
on this simple reference prediction.

2026-09-23 11:39:41 | INFO | P06 | Baseline strategy: mean
2026-09-23 11:39:41 | INFO | P06 | Baseline RMSE: 751.68
2026-09-23 11:39:41 | INFO | P06 | Baseline R-squared: -0.002
2026-09-23 11:39:41 | INFO | P06 | -------------------------------
2026-09-23 11:39:41 | INFO | P06 | 06. TRAIN a LinearRegression model.
2026-09-23 11:39:41 | INFO | P06 | -------------------------------
2026-09-23 11:39:41 | INFO | P06 | 
I will use LinearRegression.

Linear regression fits a straight-line relationship
between the selected feature and target.

This gives a simple and interpretable model
that can be compared with the baseline.

Fitting a line does not prove that a straight line
is a good description of the relationship.

The evaluation metrics and residual plot
will help assess whether the model is useful.

2026-09-23 11:39:41 | INFO | P06 | The model learned this line:
2026-09-23 11:39:41 | INFO | P06 | body_mass_g = 85.343 * bill_length_mm + 454.089
2026-09-23 11:39:41 | INFO | P06 | -------------------------------
2026-09-23 11:39:41 | INFO | P06 | 07. PREDICT on X_test.
2026-09-23 11:39:41 | INFO | P06 | -------------------------------
2026-09-23 11:39:41 | INFO | P06 | Predictions created: 69
2026-09-23 11:39:41 | INFO | P06 | -------------------------------
2026-09-23 11:39:41 | INFO | P06 | 08. EVALUATE baseline vs model on y_test.
2026-09-23 11:39:41 | INFO | P06 | -------------------------------
2026-09-23 11:39:41 | INFO | P06 | BASELINE RESULTS
2026-09-23 11:39:41 | INFO | P06 | RMSE:      751.68
2026-09-23 11:39:41 | INFO | P06 | R-squared: -0.002
2026-09-23 11:39:41 | INFO | P06 | LINEAR REGRESSION RESULTS
2026-09-23 11:39:41 | INFO | P06 | RMSE:      565.76
2026-09-23 11:39:41 | INFO | P06 | R-squared: 0.433
2026-09-23 11:39:41 | INFO | P06 | -------------------------------
2026-09-23 11:39:41 | INFO | P06 | 09. VISUALIZE predictions and residuals.
2026-09-23 11:39:41 | INFO | P06 | -------------------------------
2026-09-23 11:39:42 | INFO | P06 | Chart saved successfully at docs/images/regression-predictions.png.
2026-09-23 11:39:42 | INFO | P06 | Chart saved successfully at docs/images/regression-residuals.png.
2026-09-23 11:39:42 | INFO | P06 | -------------------------------
2026-09-23 11:39:42 | INFO | P06 | 10. ASSESS the results.
2026-09-23 11:39:42 | INFO | P06 | -------------------------------
2026-09-23 11:39:42 | INFO | P06 | CUSTOM OBSERVATIONS:
    I used bill length to predict body mass.

    The baseline RMSE was ...
    The LinearRegression RMSE was ...

    Compared with the baseline,
    the LinearRegression model ...

    The model R-squared was ...

    In the residual plot, I observed ...

    Based on this evidence,
    I conclude ...

    Next, I would like to try ...
    
2026-09-23 11:39:42 | INFO | P06 | In a script, call plt.show() at the end to display all charts.
2026-09-23 11:39:42 | INFO | P06 | Close all chart windows (with the close button) to continue.
2026-09-23 11:39:46 | INFO | P06 | ===================================
2026-09-23 11:39:46 | INFO | P06 | END main() - Executed successfully!
2026-09-23 11:39:46 | INFO | P06 | ===================================
2026-09-23 11:53:12 | INFO | P06 | === RUN START ===
2026-09-23 11:53:12 | INFO | P06 | project=P06 - LINEAR REGRESSION
2026-09-23 11:53:12 | INFO | P06 | repo_dir=datafun-06-ml
2026-09-23 11:53:12 | INFO | P06 | python=3.14.7
2026-09-23 11:53:12 | INFO | P06 | os=Darwin 23.5.0
2026-09-23 11:53:12 | INFO | P06 | shell=zsh
2026-09-23 11:53:12 | INFO | P06 | cwd=.
2026-09-23 11:53:12 | INFO | P06 | github_actions=False
2026-09-23 11:53:12 | INFO | P06 | ===================================
2026-09-23 11:53:12 | INFO | P06 | START main()
2026-09-23 11:53:12 | INFO | P06 | ===================================
2026-09-23 11:53:12 | INFO | P06 | -------------------------------
2026-09-23 11:53:12 | INFO | P06 | 01. OBSERVE the data and prior findings.
2026-09-23 11:53:12 | INFO | P06 | -------------------------------
2026-09-23 11:53:12 | INFO | P06 | data file = data/raw/Salary_dataset.csv
2026-09-23 11:53:12 | INFO | P06 | Data loaded successfully.
2026-09-23 11:53:12 | INFO | P06 | Grain: one penguin
2026-09-23 11:53:12 | INFO | P06 | Rows: 30
2026-09-23 11:53:12 | INFO | P06 | Columns: 3
2026-09-23 11:53:12 | INFO | P06 | Column names: ['Unnamed: 0', 'YearsExperience', 'Salary']
2026-09-23 11:53:12 | INFO | P06 | -------------------------------
2026-09-23 11:53:12 | INFO | P06 | 02. DECLARE the target and feature.
2026-09-23 11:53:12 | INFO | P06 | -------------------------------
2026-09-23 11:53:12 | INFO | P06 | Target:  body_mass_g
2026-09-23 11:53:12 | INFO | P06 | Feature: bill_length_mm
2026-09-23 11:53:12 | INFO | P06 | 
I want to predict body mass.

I selected bill length as the feature.

A bigger penguin may have both a longer bill and more mass,
so bill length might contain useful information
for predicting body mass.

I do not know yet how well bill length will predict body mass.
The modeling process will provide evidence.

2026-09-23 11:53:12 | INFO | P06 | -------------------------------
2026-09-23 11:53:12 | INFO | P06 | 03. PREPARE the modeling data.
2026-09-23 11:53:12 | INFO | P06 | -------------------------------
2026-09-23 11:56:37 | INFO | P06 | === RUN START ===
2026-09-23 11:56:37 | INFO | P06 | project=P06 - LINEAR REGRESSION
2026-09-23 11:56:37 | INFO | P06 | repo_dir=datafun-06-ml
2026-09-23 11:56:37 | INFO | P06 | python=3.14.7
2026-09-23 11:56:37 | INFO | P06 | os=Darwin 23.5.0
2026-09-23 11:56:37 | INFO | P06 | shell=zsh
2026-09-23 11:56:37 | INFO | P06 | cwd=.
2026-09-23 11:56:37 | INFO | P06 | github_actions=False
2026-09-23 11:56:37 | INFO | P06 | ===================================
2026-09-23 11:56:37 | INFO | P06 | START main()
2026-09-23 11:56:37 | INFO | P06 | ===================================
2026-09-23 11:56:37 | INFO | P06 | -------------------------------
2026-09-23 11:56:37 | INFO | P06 | 01. OBSERVE the data and prior findings.
2026-09-23 11:56:37 | INFO | P06 | -------------------------------
2026-09-23 11:56:37 | INFO | P06 | data file = data/raw/Salary_dataset.csv
2026-09-23 11:56:37 | INFO | P06 | Data loaded successfully.
2026-09-23 11:56:37 | INFO | P06 | Grain: one penguin
2026-09-23 11:56:37 | INFO | P06 | Rows: 30
2026-09-23 11:56:37 | INFO | P06 | Columns: 3
2026-09-23 11:56:37 | INFO | P06 | Column names: ['Unnamed: 0', 'YearsExperience', 'Salary']
2026-09-23 11:56:37 | INFO | P06 | -------------------------------
2026-09-23 11:56:37 | INFO | P06 | 02. DECLARE the target and feature.
2026-09-23 11:56:37 | INFO | P06 | -------------------------------
2026-09-23 11:56:37 | INFO | P06 | Target:  body_mass_g
2026-09-23 11:56:37 | INFO | P06 | Feature: bill_length_mm
2026-09-23 11:56:37 | INFO | P06 | 
I want to predict body mass.

I selected bill length as the feature.

A bigger penguin may have both a longer bill and more mass,
so bill length might contain useful information
for predicting body mass.

I do not know yet how well bill length will predict body mass.
The modeling process will provide evidence.

2026-09-23 11:56:37 | INFO | P06 | -------------------------------
2026-09-23 11:56:37 | INFO | P06 | 03. PREPARE the modeling data.
2026-09-23 11:56:37 | INFO | P06 | -------------------------------
2026-09-23 11:59:02 | INFO | P06 | === RUN START ===
2026-09-23 11:59:02 | INFO | P06 | project=P06 - LINEAR REGRESSION
2026-09-23 11:59:02 | INFO | P06 | repo_dir=datafun-06-ml
2026-09-23 11:59:02 | INFO | P06 | python=3.14.7
2026-09-23 11:59:02 | INFO | P06 | os=Darwin 23.5.0
2026-09-23 11:59:02 | INFO | P06 | shell=zsh
2026-09-23 11:59:02 | INFO | P06 | cwd=.
2026-09-23 11:59:02 | INFO | P06 | github_actions=False
2026-09-23 11:59:02 | INFO | P06 | ===================================
2026-09-23 11:59:02 | INFO | P06 | START main()
2026-09-23 11:59:02 | INFO | P06 | ===================================
2026-09-23 11:59:02 | INFO | P06 | -------------------------------
2026-09-23 11:59:02 | INFO | P06 | 01. OBSERVE the data and prior findings.
2026-09-23 11:59:02 | INFO | P06 | -------------------------------
2026-09-23 11:59:02 | INFO | P06 | data file = data/raw/Salary_dataset.csv
2026-09-23 11:59:02 | INFO | P06 | Data loaded successfully.
2026-09-23 11:59:02 | INFO | P06 | Grain: one penguin
2026-09-23 11:59:02 | INFO | P06 | Rows: 30
2026-09-23 11:59:02 | INFO | P06 | Columns: 3
2026-09-23 11:59:02 | INFO | P06 | Column names: ['Unnamed: 0', 'YearsExperience', 'Salary']
2026-09-23 11:59:02 | INFO | P06 | -------------------------------
2026-09-23 11:59:02 | INFO | P06 | 02. DECLARE the target and feature.
2026-09-23 11:59:02 | INFO | P06 | -------------------------------
2026-09-23 11:59:02 | INFO | P06 | Target:  body_mass_g
2026-09-23 12:00:05 | INFO | P06 | === RUN START ===
2026-09-23 12:00:05 | INFO | P06 | project=P06 - LINEAR REGRESSION
2026-09-23 12:00:05 | INFO | P06 | repo_dir=datafun-06-ml
2026-09-23 12:00:05 | INFO | P06 | python=3.14.7
2026-09-23 12:00:05 | INFO | P06 | os=Darwin 23.5.0
2026-09-23 12:00:05 | INFO | P06 | shell=zsh
2026-09-23 12:00:05 | INFO | P06 | cwd=.
2026-09-23 12:00:05 | INFO | P06 | github_actions=False
2026-09-23 12:00:05 | INFO | P06 | ===================================
2026-09-23 12:00:05 | INFO | P06 | START main()
2026-09-23 12:00:05 | INFO | P06 | ===================================
2026-09-23 12:00:05 | INFO | P06 | -------------------------------
2026-09-23 12:00:05 | INFO | P06 | 01. OBSERVE the data and prior findings.
2026-09-23 12:00:05 | INFO | P06 | -------------------------------
2026-09-23 12:00:05 | INFO | P06 | data file = data/raw/Salary_dataset.csv
2026-09-23 12:00:05 | INFO | P06 | Data loaded successfully.
2026-09-23 12:00:05 | INFO | P06 | Grain: one penguin
2026-09-23 12:00:05 | INFO | P06 | Rows: 30
2026-09-23 12:00:05 | INFO | P06 | Columns: 3
2026-09-23 12:00:05 | INFO | P06 | Column names: ['Unnamed: 0', 'YearsExperience', 'Salary']
2026-09-23 12:00:05 | INFO | P06 | -------------------------------
2026-09-23 12:00:05 | INFO | P06 | 02. DECLARE the target and feature.
2026-09-23 12:00:05 | INFO | P06 | -------------------------------
2026-09-23 12:00:05 | INFO | P06 | -------------------------------
2026-09-23 12:00:05 | INFO | P06 | 03. PREPARE the modeling data.
2026-09-23 12:00:05 | INFO | P06 | -------------------------------
2026-09-23 12:04:30 | INFO | P06 | === RUN START ===
2026-09-23 12:04:30 | INFO | P06 | project=P06 - LINEAR REGRESSION
2026-09-23 12:04:30 | INFO | P06 | repo_dir=datafun-06-ml
2026-09-23 12:04:30 | INFO | P06 | python=3.14.7
2026-09-23 12:04:30 | INFO | P06 | os=Darwin 23.5.0
2026-09-23 12:04:30 | INFO | P06 | shell=zsh
2026-09-23 12:04:30 | INFO | P06 | cwd=.
2026-09-23 12:04:30 | INFO | P06 | github_actions=False
2026-09-23 12:04:30 | INFO | P06 | ===================================
2026-09-23 12:04:30 | INFO | P06 | START main()
2026-09-23 12:04:30 | INFO | P06 | ===================================
2026-09-23 12:04:30 | INFO | P06 | -------------------------------
2026-09-23 12:04:30 | INFO | P06 | 01. OBSERVE the data and prior findings.
2026-09-23 12:04:30 | INFO | P06 | -------------------------------
2026-09-23 12:04:30 | INFO | P06 | data file = data/raw/Salary_dataset.csv
2026-09-23 12:04:30 | INFO | P06 | Data loaded successfully.
2026-09-23 12:04:30 | INFO | P06 | Grain: one penguin
2026-09-23 12:04:30 | INFO | P06 | Rows: 30
2026-09-23 12:04:30 | INFO | P06 | Columns: 3
2026-09-23 12:04:30 | INFO | P06 | Column names: ['Unnamed: 0', 'YearsExperience', 'Salary']
2026-09-23 12:04:30 | INFO | P06 | -------------------------------
2026-09-23 12:04:30 | INFO | P06 | 02. DECLARE the target and feature.
2026-09-23 12:04:30 | INFO | P06 | -------------------------------
2026-09-23 12:04:30 | INFO | P06 | -------------------------------
2026-09-23 12:04:30 | INFO | P06 | 03. PREPARE the modeling data.
2026-09-23 12:04:30 | INFO | P06 | -------------------------------
2026-09-23 15:27:03 | INFO | P06 | === RUN START ===
2026-09-23 15:27:03 | INFO | P06 | project=P06 - LINEAR REGRESSION
2026-09-23 15:27:03 | INFO | P06 | repo_dir=datafun-06-ml
2026-09-23 15:27:03 | INFO | P06 | python=3.14.7
2026-09-23 15:27:03 | INFO | P06 | os=Darwin 23.5.0
2026-09-23 15:27:03 | INFO | P06 | shell=zsh
2026-09-23 15:27:03 | INFO | P06 | cwd=.
2026-09-23 15:27:03 | INFO | P06 | github_actions=False
2026-09-23 15:27:03 | INFO | P06 | ===================================
2026-09-23 15:27:03 | INFO | P06 | START main()
2026-09-23 15:27:03 | INFO | P06 | ===================================
2026-09-23 15:27:03 | INFO | P06 | -------------------------------
2026-09-23 15:27:03 | INFO | P06 | 01. OBSERVE the data and prior findings.
2026-09-23 15:27:03 | INFO | P06 | -------------------------------
2026-09-23 15:27:03 | INFO | P06 | data file = data/raw/cars.csv
2026-09-23 15:27:03 | INFO | P06 | Data loaded successfully.
2026-09-23 15:27:03 | INFO | P06 | Grain: one car model
2026-09-23 15:27:03 | INFO | P06 | Rows: 36
2026-09-23 15:27:03 | INFO | P06 | Columns: 5
2026-09-23 15:27:03 | INFO | P06 | Column names: ['Car', 'Model', 'Volume', 'Weight', 'CO2']
2026-09-23 15:27:03 | INFO | P06 | -------------------------------
2026-09-23 15:27:03 | INFO | P06 | 02. DECLARE the target and feature.
2026-09-23 15:27:03 | INFO | P06 | -------------------------------
2026-09-23 15:27:03 | INFO | P06 | Target:  CO2
2026-09-23 15:27:03 | INFO | P06 | Feature: Weight
2026-09-23 15:27:03 | INFO | P06 | 
I want to predict CO2 emissions.

I selected car weight as the feature.

A heavier car may have both a higher weight and higher CO2 emissions,
so car weight might contain useful information
for predicting CO2 emissions.

I do not know yet how well car weight will predict CO2 emissions.
The modeling process will provide evidence.

2026-09-23 15:27:03 | INFO | P06 | -------------------------------
2026-09-23 15:27:03 | INFO | P06 | 03. PREPARE the modeling data.
2026-09-23 15:27:03 | INFO | P06 | -------------------------------
2026-09-23 15:27:03 | INFO | P06 | Original rows: 36
2026-09-23 15:27:03 | INFO | P06 | Modeling rows: 36
2026-09-23 15:27:03 | INFO | P06 | Rows dropped: 0
2026-09-23 15:27:03 | INFO | P06 | X shape: (36, 1)
2026-09-23 15:27:03 | INFO | P06 | y shape: (36,)
2026-09-23 15:27:03 | INFO | P06 | -------------------------------
2026-09-23 15:27:03 | INFO | P06 | 04. SPLIT into training and test data.
2026-09-23 15:27:03 | INFO | P06 | -------------------------------
2026-09-23 15:27:03 | INFO | P06 | 
I will use 80% of the modeling rows for training
and hold back 20% for testing.

I want most of the available data to be available
for learning the model,
while still keeping a separate set of observations
that the model did not see during training.

The test rows will be used later
to evaluate how the trained model performs
on unseen observations.

I will use a random seed of 42.

The specific value 42 is not analytically important.
I use a fixed seed so the random split is reproducible.
Running the project again will produce the same
training and test observations,
which makes results easier to reproduce and compare.

2026-09-23 15:27:03 | INFO | P06 | Training rows: 28
2026-09-23 15:27:03 | INFO | P06 | Test rows: 8
2026-09-23 15:27:03 | INFO | P06 | -------------------------------
2026-09-23 15:27:03 | INFO | P06 | 05. BASELINE with a simple reference model.
2026-09-23 15:27:03 | INFO | P06 | -------------------------------
2026-09-23 15:27:03 | INFO | P06 | 
Before evaluating the LinearRegression model,
I need a simple baseline for comparison.

The baseline will ignore car weight and
and predict the average CO2 emissions
from the training data for every test observation.

A useful predictive model should improve
on this simple reference prediction.

2026-09-23 15:27:03 | INFO | P06 | Baseline strategy: mean
2026-09-23 15:27:03 | INFO | P06 | Baseline RMSE: 10.54
2026-09-23 15:27:03 | INFO | P06 | Baseline R-squared: -0.283
2026-09-23 15:27:03 | INFO | P06 | -------------------------------
2026-09-23 15:27:03 | INFO | P06 | 06. TRAIN a LinearRegression model.
2026-09-23 15:27:03 | INFO | P06 | -------------------------------
2026-09-23 15:27:03 | INFO | P06 | 
I will use LinearRegression.

Linear regression fits a straight-line relationship
between the selected feature and target.

This gives a simple and interpretable model
that can be compared with the baseline.

Fitting a line does not prove that a straight line
is a good description of the relationship.

The evaluation metrics and residual plot
will help assess whether the model is useful.

2026-09-23 15:27:03 | INFO | P06 | The model learned this line:
2026-09-23 15:27:03 | INFO | P06 | CO2 = 0.013 * Weight + 84.944
2026-09-23 15:27:03 | INFO | P06 | -------------------------------
2026-09-23 15:27:03 | INFO | P06 | 07. PREDICT on X_test.
2026-09-23 15:27:03 | INFO | P06 | -------------------------------
2026-09-23 15:27:03 | INFO | P06 | Predictions created: 8
2026-09-23 15:27:03 | INFO | P06 | -------------------------------
2026-09-23 15:27:03 | INFO | P06 | 08. EVALUATE baseline vs model on y_test.
2026-09-23 15:27:03 | INFO | P06 | -------------------------------
2026-09-23 15:27:03 | INFO | P06 | BASELINE RESULTS
2026-09-23 15:27:03 | INFO | P06 | RMSE:      10.54
2026-09-23 15:27:03 | INFO | P06 | R-squared: -0.283
2026-09-23 15:27:03 | INFO | P06 | LINEAR REGRESSION RESULTS
2026-09-23 15:27:03 | INFO | P06 | RMSE:      8.39
2026-09-23 15:27:03 | INFO | P06 | R-squared: 0.187
2026-09-23 15:27:03 | INFO | P06 | -------------------------------
2026-09-23 15:27:03 | INFO | P06 | 09. VISUALIZE predictions and residuals.
2026-09-23 15:27:03 | INFO | P06 | -------------------------------
2026-09-23 15:27:03 | INFO | P06 | Chart saved successfully at docs/images/regression-predictions.png.
2026-09-23 15:27:03 | INFO | P06 | Chart saved successfully at docs/images/regression-residuals.png.
2026-09-23 15:27:03 | INFO | P06 | -------------------------------
2026-09-23 15:27:03 | INFO | P06 | 10. ASSESS the results.
2026-09-23 15:27:03 | INFO | P06 | -------------------------------
2026-09-23 15:27:03 | INFO | P06 | CUSTOM OBSERVATIONS:
    I used car weight to predict CO2 emissions.

    The baseline RMSE was ...
    The LinearRegression RMSE was ...

    Compared with the baseline,
    the LinearRegression model ...

    The model R-squared was ...

    In the residual plot, I observed ...

    Based on this evidence,
    I conclude ...

    Next, I would like to try ...
    
2026-09-23 15:27:03 | INFO | P06 | In a script, call plt.show() at the end to display all charts.
2026-09-23 15:27:03 | INFO | P06 | Close all chart windows (with the close button) to continue.
2026-09-23 15:27:20 | INFO | P06 | ===================================
2026-09-23 15:27:20 | INFO | P06 | END main() - Executed successfully!
2026-09-23 15:27:20 | INFO | P06 | ===================================
2026-09-23 15:54:19 | INFO | P06 | === RUN START ===
2026-09-23 15:54:19 | INFO | P06 | project=P06 - LINEAR REGRESSION
2026-09-23 15:54:19 | INFO | P06 | repo_dir=datafun-06-ml
2026-09-23 15:54:19 | INFO | P06 | python=3.14.7
2026-09-23 15:54:19 | INFO | P06 | os=Darwin 23.5.0
2026-09-23 15:54:19 | INFO | P06 | shell=zsh
2026-09-23 15:54:19 | INFO | P06 | cwd=.
2026-09-23 15:54:19 | INFO | P06 | github_actions=False
2026-09-23 15:54:19 | INFO | P06 | ===================================
2026-09-23 15:54:19 | INFO | P06 | START main()
2026-09-23 15:54:19 | INFO | P06 | ===================================
2026-09-23 15:54:19 | INFO | P06 | -------------------------------
2026-09-23 15:54:19 | INFO | P06 | 01. OBSERVE the data and prior findings.
2026-09-23 15:54:19 | INFO | P06 | -------------------------------
2026-09-23 15:54:19 | INFO | P06 | data file = data/raw/CO2_emissions_canada.csv
2026-09-23 15:54:19 | INFO | P06 | Data loaded successfully.
2026-09-23 15:54:19 | INFO | P06 | Grain: one car model
2026-09-23 15:54:19 | INFO | P06 | Rows: 7385
2026-09-23 15:54:19 | INFO | P06 | Columns: 12
2026-09-23 15:54:19 | INFO | P06 | Column names: ['Make', 'Model', 'Vehicle Class', 'Engine Size(L)', 'Cylinders', 'Transmission', 'Fuel Type', 'Fuel Consumption City (L/100 km)', 'Fuel Consumption Hwy (L/100 km)', 'Fuel Consumption Comb (L/100 km)', 'Fuel Consumption Comb (mpg)', 'CO2 Emissions(g/km)']
2026-09-23 15:54:19 | INFO | P06 | -------------------------------
2026-09-23 15:54:19 | INFO | P06 | 02. DECLARE the target and feature.
2026-09-23 15:54:19 | INFO | P06 | -------------------------------
2026-09-23 15:54:19 | INFO | P06 | Target:  CO2 Emissions(g/km)
2026-09-23 15:54:19 | INFO | P06 | Feature: Engine Size(L)
2026-09-23 15:54:19 | INFO | P06 | 
I want to predict CO2 emissions.

I selected car engine size as the feature.

A larger engine may have both a higher engine size and higher CO2 emissions,
so engine size might contain useful information
for predicting CO2 emissions.

I do not know yet how well engine size will predict CO2 emissions.
The modeling process will provide evidence.

2026-09-23 15:54:19 | INFO | P06 | -------------------------------
2026-09-23 15:54:19 | INFO | P06 | 03. PREPARE the modeling data.
2026-09-23 15:54:19 | INFO | P06 | -------------------------------
2026-09-23 15:54:19 | INFO | P06 | Original rows: 7385
2026-09-23 15:54:19 | INFO | P06 | Modeling rows: 7385
2026-09-23 15:54:19 | INFO | P06 | Rows dropped: 0
2026-09-23 15:54:19 | INFO | P06 | X shape: (7385, 1)
2026-09-23 15:54:19 | INFO | P06 | y shape: (7385,)
2026-09-23 15:54:19 | INFO | P06 | -------------------------------
2026-09-23 15:54:19 | INFO | P06 | 04. SPLIT into training and test data.
2026-09-23 15:54:19 | INFO | P06 | -------------------------------
2026-09-23 15:54:19 | INFO | P06 | 
I will use 80% of the modeling rows for training
and hold back 20% for testing.

I want most of the available data to be available
for learning the model,
while still keeping a separate set of observations
that the model did not see during training.

The test rows will be used later
to evaluate how the trained model performs
on unseen observations.

I will use a random seed of 42.

The specific value 42 is not analytically important.
I use a fixed seed so the random split is reproducible.
Running the project again will produce the same
training and test observations,
which makes results easier to reproduce and compare.

2026-09-23 15:54:19 | INFO | P06 | Training rows: 5908
2026-09-23 15:54:19 | INFO | P06 | Test rows: 1477
2026-09-23 15:54:19 | INFO | P06 | -------------------------------
2026-09-23 15:54:19 | INFO | P06 | 05. BASELINE with a simple reference model.
2026-09-23 15:54:19 | INFO | P06 | -------------------------------
2026-09-23 15:54:19 | INFO | P06 | 
Before evaluating the LinearRegression model,
I need a simple baseline for comparison.

The baseline will ignore engine size 
and predict the average CO2 emissions
from the training data for every test observation.

A useful predictive model should improve
on this simple reference prediction.

2026-09-23 15:54:19 | INFO | P06 | Baseline strategy: mean
2026-09-23 15:54:19 | INFO | P06 | Baseline RMSE: 58.68
2026-09-23 15:54:19 | INFO | P06 | Baseline R-squared: -0.001
2026-09-23 15:54:19 | INFO | P06 | -------------------------------
2026-09-23 15:54:19 | INFO | P06 | 06. TRAIN a LinearRegression model.
2026-09-23 15:54:19 | INFO | P06 | -------------------------------
2026-09-23 15:54:19 | INFO | P06 | 
I will use LinearRegression.

Linear regression fits a straight-line relationship
between the selected feature and target.

This gives a simple and interpretable model
that can be compared with the baseline.

Fitting a line does not prove that a straight line
is a good description of the relationship.

The evaluation metrics and residual plot
will help assess whether the model is useful.

2026-09-23 15:54:19 | INFO | P06 | The model learned this line:
2026-09-23 15:54:19 | INFO | P06 | CO2 Emissions(g/km) = 36.612 * Engine Size(L) + 135.057
2026-09-23 15:54:19 | INFO | P06 | -------------------------------
2026-09-23 15:54:19 | INFO | P06 | 07. PREDICT on X_test.
2026-09-23 15:54:19 | INFO | P06 | -------------------------------
2026-09-23 15:54:19 | INFO | P06 | Predictions created: 1477
2026-09-23 15:54:19 | INFO | P06 | -------------------------------
2026-09-23 15:54:19 | INFO | P06 | 08. EVALUATE baseline vs model on y_test.
2026-09-23 15:54:19 | INFO | P06 | -------------------------------
2026-09-23 15:54:19 | INFO | P06 | BASELINE RESULTS
2026-09-23 15:54:19 | INFO | P06 | RMSE:      58.68
2026-09-23 15:54:19 | INFO | P06 | R-squared: -0.001
2026-09-23 15:54:19 | INFO | P06 | LINEAR REGRESSION RESULTS
2026-09-23 15:54:19 | INFO | P06 | RMSE:      30.82
2026-09-23 15:54:19 | INFO | P06 | R-squared: 0.724
2026-09-23 15:54:19 | INFO | P06 | -------------------------------
2026-09-23 15:54:19 | INFO | P06 | 09. VISUALIZE predictions and residuals.
2026-09-23 15:54:19 | INFO | P06 | -------------------------------
2026-09-23 15:54:19 | INFO | P06 | Chart saved successfully at docs/images/regression-predictions.png.
2026-09-23 15:54:19 | INFO | P06 | Chart saved successfully at docs/images/regression-residuals.png.
2026-09-23 15:54:19 | INFO | P06 | -------------------------------
2026-09-23 15:54:19 | INFO | P06 | 10. ASSESS the results.
2026-09-23 15:54:19 | INFO | P06 | -------------------------------
2026-09-23 15:54:19 | INFO | P06 | CUSTOM OBSERVATIONS:
    I used car engine size to predict CO2 emissions.

    The baseline RMSE was ...
    The LinearRegression RMSE was ...

    Compared with the baseline,
    the LinearRegression model ...

    The model R-squared was ...

    In the residual plot, I observed ...

    Based on this evidence,
    I conclude ...

    Next, I would like to try ...
    
2026-09-23 15:54:19 | INFO | P06 | In a script, call plt.show() at the end to display all charts.
2026-09-23 15:54:19 | INFO | P06 | Close all chart windows (with the close button) to continue.
2026-09-23 16:30:07 | INFO | P06 | === RUN START ===
2026-09-23 16:30:07 | INFO | P06 | project=P06 - LINEAR REGRESSION
2026-09-23 16:30:07 | INFO | P06 | repo_dir=datafun-06-ml
2026-09-23 16:30:07 | INFO | P06 | python=3.14.7
2026-09-23 16:30:07 | INFO | P06 | os=Darwin 23.5.0
2026-09-23 16:30:07 | INFO | P06 | shell=zsh
2026-09-23 16:30:07 | INFO | P06 | cwd=.
2026-09-23 16:30:07 | INFO | P06 | github_actions=False
2026-09-23 16:30:07 | INFO | P06 | ===================================
2026-09-23 16:30:07 | INFO | P06 | START main()
2026-09-23 16:30:07 | INFO | P06 | ===================================
2026-09-23 16:30:07 | INFO | P06 | -------------------------------
2026-09-23 16:30:07 | INFO | P06 | 01. OBSERVE the data and prior findings.
2026-09-23 16:30:07 | INFO | P06 | -------------------------------
2026-09-23 16:30:07 | INFO | P06 | data file = data/raw/life_expectancy_table.csv
2026-09-23 16:30:07 | INFO | P06 | Data loaded successfully.
2026-09-23 16:30:07 | INFO | P06 | Grain: one country
2026-09-23 16:30:07 | INFO | P06 | Rows: 2938
2026-09-23 16:30:07 | INFO | P06 | Columns: 22
2026-09-23 16:30:07 | INFO | P06 | Column names: ['Country', 'Year', 'Status', 'Life expectancy ', 'Adult Mortality', 'infant deaths', 'Alcohol', 'percentage expenditure', 'Hepatitis B', 'Measles ', ' BMI ', 'under-five deaths ', 'Polio', 'Total expenditure', 'Diphtheria ', ' HIV/AIDS', 'GDP', 'Population', ' thinness  1-19 years', ' thinness 5-9 years', 'Income composition of resources', 'Schooling']
2026-09-23 16:30:07 | INFO | P06 | -------------------------------
2026-09-23 16:30:07 | INFO | P06 | 02. DECLARE the target and feature.
2026-09-23 16:30:07 | INFO | P06 | -------------------------------
2026-09-23 16:30:07 | INFO | P06 | Target:  Life expectancy
2026-09-23 16:30:07 | INFO | P06 | Feature: Schooling
2026-09-23 16:30:07 | INFO | P06 | 
I want to predict life expectancy.

I selected schooling as the feature.

Higher schooling may be associated with better health outcomes,
so schooling might contain useful information
for predicting life expectancy.

I do not know yet how well schooling will predict life expectancy.
The modeling process will provide evidence.

2026-09-23 16:30:07 | INFO | P06 | -------------------------------
2026-09-23 16:30:07 | INFO | P06 | 03. PREPARE the modeling data.
2026-09-23 16:30:07 | INFO | P06 | -------------------------------
2026-09-23 17:07:21 | INFO | P06 | === RUN START ===
2026-09-23 17:07:21 | INFO | P06 | project=P06 - LINEAR REGRESSION
2026-09-23 17:07:21 | INFO | P06 | repo_dir=datafun-06-ml
2026-09-23 17:07:21 | INFO | P06 | python=3.14.7
2026-09-23 17:07:21 | INFO | P06 | os=Darwin 23.5.0
2026-09-23 17:07:21 | INFO | P06 | shell=zsh
2026-09-23 17:07:21 | INFO | P06 | cwd=.
2026-09-23 17:07:21 | INFO | P06 | github_actions=False
2026-09-23 17:07:21 | INFO | P06 | ===================================
2026-09-23 17:07:21 | INFO | P06 | START main()
2026-09-23 17:07:21 | INFO | P06 | ===================================
2026-09-23 17:07:21 | INFO | P06 | -------------------------------
2026-09-23 17:07:21 | INFO | P06 | 01. OBSERVE the data and prior findings.
2026-09-23 17:07:21 | INFO | P06 | -------------------------------
2026-09-23 17:07:21 | INFO | P06 | data file = data/raw/life_expectancy_table.csv
2026-09-23 17:07:21 | INFO | P06 | Data loaded successfully.
2026-09-23 17:07:21 | INFO | P06 | Grain: one country
2026-09-23 17:07:21 | INFO | P06 | Rows: 2938
2026-09-23 17:07:21 | INFO | P06 | Columns: 22
2026-09-23 17:07:21 | INFO | P06 | Column names: ['Country', 'Year', 'Status', 'Life expectancy ', 'Adult Mortality', 'infant deaths', 'Alcohol', 'percentage expenditure', 'Hepatitis B', 'Measles ', ' BMI ', 'under-five deaths ', 'Polio', 'Total expenditure', 'Diphtheria ', ' HIV/AIDS', 'GDP', 'Population', ' thinness  1-19 years', ' thinness 5-9 years', 'Income composition of resources', 'Schooling']
2026-09-23 17:07:21 | INFO | P06 | -------------------------------
2026-09-23 17:07:21 | INFO | P06 | 02. DECLARE the target and feature.
2026-09-23 17:07:21 | INFO | P06 | -------------------------------
2026-09-23 17:07:21 | INFO | P06 | Target:  Life expectancy 
2026-09-23 17:07:21 | INFO | P06 | Feature: Schooling
2026-09-23 17:07:21 | INFO | P06 | 
I want to predict life expectancy.

I selected schooling as the feature.

Higher schooling may be associated with better health outcomes,
so schooling might contain useful information
for predicting life expectancy.

I do not know yet how well schooling will predict life expectancy.
The modeling process will provide evidence.

2026-09-23 17:07:21 | INFO | P06 | -------------------------------
2026-09-23 17:07:21 | INFO | P06 | 03. PREPARE the modeling data.
2026-09-23 17:07:21 | INFO | P06 | -------------------------------
2026-09-23 17:07:21 | INFO | P06 | Original rows: 2938
2026-09-23 17:07:21 | INFO | P06 | Modeling rows: 2768
2026-09-23 17:07:21 | INFO | P06 | Rows dropped: 170
2026-09-23 17:07:21 | INFO | P06 | X shape: (2768, 1)
2026-09-23 17:07:21 | INFO | P06 | y shape: (2768,)
2026-09-23 17:07:21 | INFO | P06 | -------------------------------
2026-09-23 17:07:21 | INFO | P06 | 04. SPLIT into training and test data.
2026-09-23 17:07:21 | INFO | P06 | -------------------------------
2026-09-23 17:07:21 | INFO | P06 | 
I will use 80% of the modeling rows for training
and hold back 20% for testing.

I want most of the available data to be available
for learning the model,
while still keeping a separate set of observations
that the model did not see during training.

The test rows will be used later
to evaluate how the trained model performs
on unseen observations.

I will use a random seed of 42.

The specific value 42 is not analytically important.
I use a fixed seed so the random split is reproducible.
Running the project again will produce the same
training and test observations,
which makes results easier to reproduce and compare.

2026-09-23 17:07:21 | INFO | P06 | Training rows: 2214
2026-09-23 17:07:21 | INFO | P06 | Test rows: 554
2026-09-23 17:07:21 | INFO | P06 | -------------------------------
2026-09-23 17:07:21 | INFO | P06 | 05. BASELINE with a simple reference model.
2026-09-23 17:07:21 | INFO | P06 | -------------------------------
2026-09-23 17:07:21 | INFO | P06 | 
Before evaluating the LinearRegression model,
I need a simple baseline for comparison.

The baseline will ignore schooling 
and predict the average life expectancy
from the training data for every test observation.

A useful predictive model should improve
on this simple reference prediction.

2026-09-23 17:07:21 | INFO | P06 | Baseline strategy: mean
2026-09-23 17:07:21 | INFO | P06 | Baseline RMSE: 9.30
2026-09-23 17:07:21 | INFO | P06 | Baseline R-squared: -0.002
2026-09-23 17:07:21 | INFO | P06 | -------------------------------
2026-09-23 17:07:21 | INFO | P06 | 06. TRAIN a LinearRegression model.
2026-09-23 17:07:21 | INFO | P06 | -------------------------------
2026-09-23 17:07:21 | INFO | P06 | 
I will use LinearRegression.

Linear regression fits a straight-line relationship
between the selected feature and target.

This gives a simple and interpretable model
that can be compared with the baseline.

Fitting a line does not prove that a straight line
is a good description of the relationship.

The evaluation metrics and residual plot
will help assess whether the model is useful.

2026-09-23 17:07:21 | INFO | P06 | The model learned this line:
2026-09-23 17:07:21 | INFO | P06 | Life expectancy  = 2.083 * Schooling + 44.439
2026-09-23 17:07:21 | INFO | P06 | -------------------------------
2026-09-23 17:07:21 | INFO | P06 | 07. PREDICT on X_test.
2026-09-23 17:07:21 | INFO | P06 | -------------------------------
2026-09-23 17:07:21 | INFO | P06 | Predictions created: 554
2026-09-23 17:07:21 | INFO | P06 | -------------------------------
2026-09-23 17:07:21 | INFO | P06 | 08. EVALUATE baseline vs model on y_test.
2026-09-23 17:07:21 | INFO | P06 | -------------------------------
2026-09-23 17:07:21 | INFO | P06 | BASELINE RESULTS
2026-09-23 17:07:21 | INFO | P06 | RMSE:      9.30
2026-09-23 17:07:21 | INFO | P06 | R-squared: -0.002
2026-09-23 17:07:21 | INFO | P06 | LINEAR REGRESSION RESULTS
2026-09-23 17:07:21 | INFO | P06 | RMSE:      5.82
2026-09-23 17:07:21 | INFO | P06 | R-squared: 0.608
2026-09-23 17:07:21 | INFO | P06 | -------------------------------
2026-09-23 17:07:21 | INFO | P06 | 09. VISUALIZE predictions and residuals.
2026-09-23 17:07:21 | INFO | P06 | -------------------------------
2026-09-23 17:07:21 | INFO | P06 | Chart saved successfully at docs/images/regression-predictions.png.
2026-09-23 17:07:21 | INFO | P06 | Chart saved successfully at docs/images/regression-residuals.png.
2026-09-23 17:07:21 | INFO | P06 | -------------------------------
2026-09-23 17:07:21 | INFO | P06 | 10. ASSESS the results.
2026-09-23 17:07:21 | INFO | P06 | -------------------------------
2026-09-23 17:07:21 | INFO | P06 | CUSTOM OBSERVATIONS:
    I used schooling to predict mortality.

    The baseline RMSE was ...
    The LinearRegression RMSE was ...

    Compared with the baseline,
    the LinearRegression model ...

    The model R-squared was ...

    In the residual plot, I observed ...

    Based on this evidence,
    I conclude ...

    Next, I would like to try ...
    
2026-09-23 17:07:21 | INFO | P06 | In a script, call plt.show() at the end to display all charts.
2026-09-23 17:07:21 | INFO | P06 | Close all chart windows (with the close button) to continue.
2026-09-24 10:11:05 | INFO | P06 | === RUN START ===
2026-09-24 10:11:05 | INFO | P06 | project=P06 - LINEAR REGRESSION
2026-09-24 10:11:05 | INFO | P06 | repo_dir=datafun-06-ml
2026-09-24 10:11:05 | INFO | P06 | python=3.14.7
2026-09-24 10:11:05 | INFO | P06 | os=Darwin 23.5.0
2026-09-24 10:11:05 | INFO | P06 | shell=zsh
2026-09-24 10:11:05 | INFO | P06 | cwd=.
2026-09-24 10:11:05 | INFO | P06 | github_actions=False
2026-09-24 10:11:05 | INFO | P06 | ===================================
2026-09-24 10:11:05 | INFO | P06 | START main()
2026-09-24 10:11:05 | INFO | P06 | ===================================
2026-09-24 10:11:05 | INFO | P06 | -------------------------------
2026-09-24 10:11:05 | INFO | P06 | 01. OBSERVE the data and prior findings.
2026-09-24 10:11:05 | INFO | P06 | -------------------------------
2026-09-24 10:11:05 | INFO | P06 | data file = data/raw/life_expectancy_table.csv
2026-09-24 10:11:05 | INFO | P06 | Data loaded successfully.
2026-09-24 10:11:05 | INFO | P06 | Grain: one country
2026-09-24 10:11:05 | INFO | P06 | Rows: 2928
2026-09-24 10:11:05 | INFO | P06 | Columns: 22
2026-09-24 10:11:05 | INFO | P06 | Column names: ['Country', 'Year', 'Status', 'Life expectancy', 'Adult Mortality', 'infant deaths', 'Alcohol', 'percentage expenditure', 'Hepatitis B', 'Measles', 'BMI', 'under-five deaths', 'Polio', 'Total expenditure', 'Diphtheria', 'HIV/AIDS', 'GDP', 'Population', 'thinness  1-19 years', 'thinness 5-9 years', 'Income composition of resources', 'Schooling']
2026-09-24 10:11:05 | INFO | P06 | -------------------------------
2026-09-24 10:11:05 | INFO | P06 | 02. DECLARE the target and feature.
2026-09-24 10:11:05 | INFO | P06 | -------------------------------
2026-09-24 10:11:05 | INFO | P06 | Target:  Life expectancy 
2026-09-24 10:11:05 | INFO | P06 | Feature: Schooling
2026-09-24 10:11:05 | INFO | P06 | 
I want to predict life expectancy.

I selected schooling as the feature.

Higher schooling may be associated with better health outcomes,
so schooling might contain useful information
for predicting life expectancy.

I do not know yet how well schooling will predict life expectancy.
The modeling process will provide evidence.

2026-09-24 10:11:05 | INFO | P06 | -------------------------------
2026-09-24 10:11:05 | INFO | P06 | 03. PREPARE the modeling data.
2026-09-24 10:11:05 | INFO | P06 | -------------------------------
2026-09-24 10:12:57 | INFO | P06 | === RUN START ===
2026-09-24 10:12:57 | INFO | P06 | project=P06 - LINEAR REGRESSION
2026-09-24 10:12:57 | INFO | P06 | repo_dir=datafun-06-ml
2026-09-24 10:12:57 | INFO | P06 | python=3.14.7
2026-09-24 10:12:57 | INFO | P06 | os=Darwin 23.5.0
2026-09-24 10:12:57 | INFO | P06 | shell=zsh
2026-09-24 10:12:57 | INFO | P06 | cwd=.
2026-09-24 10:12:57 | INFO | P06 | github_actions=False
2026-09-24 10:12:57 | INFO | P06 | ===================================
2026-09-24 10:12:57 | INFO | P06 | START main()
2026-09-24 10:12:57 | INFO | P06 | ===================================
2026-09-24 10:12:57 | INFO | P06 | -------------------------------
2026-09-24 10:12:57 | INFO | P06 | 01. OBSERVE the data and prior findings.
2026-09-24 10:12:57 | INFO | P06 | -------------------------------
2026-09-24 10:12:57 | INFO | P06 | data file = data/raw/life_expectancy_table.csv
2026-09-24 10:13:36 | INFO | P06 | === RUN START ===
2026-09-24 10:13:36 | INFO | P06 | project=P06 - LINEAR REGRESSION
2026-09-24 10:13:36 | INFO | P06 | repo_dir=datafun-06-ml
2026-09-24 10:13:36 | INFO | P06 | python=3.14.7
2026-09-24 10:13:36 | INFO | P06 | os=Darwin 23.5.0
2026-09-24 10:13:36 | INFO | P06 | shell=zsh
2026-09-24 10:13:36 | INFO | P06 | cwd=.
2026-09-24 10:13:36 | INFO | P06 | github_actions=False
2026-09-24 10:13:36 | INFO | P06 | ===================================
2026-09-24 10:13:36 | INFO | P06 | START main()
2026-09-24 10:13:36 | INFO | P06 | ===================================
2026-09-24 10:13:36 | INFO | P06 | -------------------------------
2026-09-24 10:13:36 | INFO | P06 | 01. OBSERVE the data and prior findings.
2026-09-24 10:13:36 | INFO | P06 | -------------------------------
2026-09-24 10:13:36 | INFO | P06 | data file = data/raw/life_expectancy_table.csv
2026-09-24 10:13:36 | INFO | P06 | Data loaded successfully.
2026-09-24 10:13:36 | INFO | P06 | Grain: one country
2026-09-24 10:13:36 | INFO | P06 | Rows: 2938
2026-09-24 10:13:36 | INFO | P06 | Columns: 22
2026-09-24 10:13:36 | INFO | P06 | Column names: ['Country', 'Year', 'Status', 'Life expectancy', 'Adult Mortality', 'infant deaths', 'Alcohol', 'percentage expenditure', 'Hepatitis B', 'Measles', 'BMI', 'under-five deaths', 'Polio', 'Total expenditure', 'Diphtheria', 'HIV/AIDS', 'GDP', 'Population', 'thinness  1-19 years', 'thinness 5-9 years', 'Income composition of resources', 'Schooling']
2026-09-24 10:13:36 | INFO | P06 | -------------------------------
2026-09-24 10:13:36 | INFO | P06 | 02. DECLARE the target and feature.
2026-09-24 10:13:36 | INFO | P06 | -------------------------------
2026-09-24 10:13:36 | INFO | P06 | Target:  Life expectancy 
2026-09-24 10:13:36 | INFO | P06 | Feature: Schooling
2026-09-24 10:13:36 | INFO | P06 | 
I want to predict life expectancy.

I selected schooling as the feature.

Higher schooling may be associated with better health outcomes,
so schooling might contain useful information
for predicting life expectancy.

I do not know yet how well schooling will predict life expectancy.
The modeling process will provide evidence.

2026-09-24 10:13:36 | INFO | P06 | -------------------------------
2026-09-24 10:13:36 | INFO | P06 | 03. PREPARE the modeling data.
2026-09-24 10:13:36 | INFO | P06 | -------------------------------
2026-09-24 10:14:27 | INFO | P06 | === RUN START ===
2026-09-24 10:14:27 | INFO | P06 | project=P06 - LINEAR REGRESSION
2026-09-24 10:14:27 | INFO | P06 | repo_dir=datafun-06-ml
2026-09-24 10:14:27 | INFO | P06 | python=3.14.7
2026-09-24 10:14:27 | INFO | P06 | os=Darwin 23.5.0
2026-09-24 10:14:27 | INFO | P06 | shell=zsh
2026-09-24 10:14:27 | INFO | P06 | cwd=.
2026-09-24 10:14:27 | INFO | P06 | github_actions=False
2026-09-24 10:14:27 | INFO | P06 | ===================================
2026-09-24 10:14:27 | INFO | P06 | START main()
2026-09-24 10:14:27 | INFO | P06 | ===================================
2026-09-24 10:14:27 | INFO | P06 | -------------------------------
2026-09-24 10:14:27 | INFO | P06 | 01. OBSERVE the data and prior findings.
2026-09-24 10:14:27 | INFO | P06 | -------------------------------
2026-09-24 10:14:27 | INFO | P06 | data file = data/raw/life_expectancy_table.csv
2026-09-24 10:14:27 | INFO | P06 | Data loaded successfully.
2026-09-24 10:14:27 | INFO | P06 | Grain: one country
2026-09-24 10:14:27 | INFO | P06 | Rows: 2938
2026-09-24 10:14:27 | INFO | P06 | Columns: 22
2026-09-24 10:14:27 | INFO | P06 | Column names: ['Country', 'Year', 'Status', 'Life expectancy', 'Adult Mortality', 'infant deaths', 'Alcohol', 'percentage expenditure', 'Hepatitis B', 'Measles', 'BMI', 'under-five deaths', 'Polio', 'Total expenditure', 'Diphtheria', 'HIV/AIDS', 'GDP', 'Population', 'thinness  1-19 years', 'thinness 5-9 years', 'Income composition of resources', 'Schooling']
2026-09-24 10:14:27 | INFO | P06 | -------------------------------
2026-09-24 10:14:27 | INFO | P06 | 02. DECLARE the target and feature.
2026-09-24 10:14:27 | INFO | P06 | -------------------------------
2026-09-24 10:14:27 | INFO | P06 | Target:  Life expectancy 
2026-09-24 10:14:27 | INFO | P06 | Feature: Schooling
2026-09-24 10:14:27 | INFO | P06 | 
I want to predict life expectancy.

I selected schooling as the feature.

Higher schooling may be associated with better health outcomes,
so schooling might contain useful information
for predicting life expectancy.

I do not know yet how well schooling will predict life expectancy.
The modeling process will provide evidence.

2026-09-24 10:14:27 | INFO | P06 | -------------------------------
2026-09-24 10:14:27 | INFO | P06 | 03. PREPARE the modeling data.
2026-09-24 10:14:27 | INFO | P06 | -------------------------------
2026-09-24 10:16:39 | INFO | P06 | === RUN START ===
2026-09-24 10:16:39 | INFO | P06 | project=P06 - LINEAR REGRESSION
2026-09-24 10:16:39 | INFO | P06 | repo_dir=datafun-06-ml
2026-09-24 10:16:39 | INFO | P06 | python=3.14.7
2026-09-24 10:16:39 | INFO | P06 | os=Darwin 23.5.0
2026-09-24 10:16:39 | INFO | P06 | shell=zsh
2026-09-24 10:16:39 | INFO | P06 | cwd=.
2026-09-24 10:16:39 | INFO | P06 | github_actions=False
2026-09-24 10:16:39 | INFO | P06 | ===================================
2026-09-24 10:16:39 | INFO | P06 | START main()
2026-09-24 10:16:39 | INFO | P06 | ===================================
2026-09-24 10:16:39 | INFO | P06 | -------------------------------
2026-09-24 10:16:39 | INFO | P06 | 01. OBSERVE the data and prior findings.
2026-09-24 10:16:39 | INFO | P06 | -------------------------------
2026-09-24 10:16:39 | INFO | P06 | data file = data/raw/life_expectancy_table.csv
2026-09-24 10:16:39 | INFO | P06 | Data loaded successfully.
2026-09-24 10:16:39 | INFO | P06 | Grain: one country
2026-09-24 10:16:39 | INFO | P06 | Rows: 2938
2026-09-24 10:16:39 | INFO | P06 | Columns: 22
2026-09-24 10:16:39 | INFO | P06 | Column names: ['Country', 'Year', 'Status', 'Life expectancy', 'Adult Mortality', 'infant deaths', 'Alcohol', 'percentage expenditure', 'Hepatitis B', 'Measles', 'BMI', 'under-five deaths', 'Polio', 'Total expenditure', 'Diphtheria', 'HIV/AIDS', 'GDP', 'Population', 'thinness  1-19 years', 'thinness 5-9 years', 'Income composition of resources', 'Schooling']
2026-09-24 10:16:39 | INFO | P06 | -------------------------------
2026-09-24 10:16:39 | INFO | P06 | 02. DECLARE the target and feature.
2026-09-24 10:16:39 | INFO | P06 | -------------------------------
2026-09-24 10:16:39 | INFO | P06 | Target:  Life expectancy
2026-09-24 10:16:39 | INFO | P06 | Feature: Schooling
2026-09-24 10:16:39 | INFO | P06 | 
I want to predict life expectancy.

I selected schooling as the feature.

Higher schooling may be associated with better health outcomes,
so schooling might contain useful information
for predicting life expectancy.

I do not know yet how well schooling will predict life expectancy.
The modeling process will provide evidence.

2026-09-24 10:16:39 | INFO | P06 | -------------------------------
2026-09-24 10:16:39 | INFO | P06 | 03. PREPARE the modeling data.
2026-09-24 10:16:39 | INFO | P06 | -------------------------------
2026-09-24 10:16:39 | INFO | P06 | Original rows: 2938
2026-09-24 10:16:39 | INFO | P06 | Modeling rows: 2768
2026-09-24 10:16:39 | INFO | P06 | Rows dropped: 170
2026-09-24 10:16:39 | INFO | P06 | X shape: (2768, 1)
2026-09-24 10:16:39 | INFO | P06 | y shape: (2768,)
2026-09-24 10:16:39 | INFO | P06 | -------------------------------
2026-09-24 10:16:39 | INFO | P06 | 04. SPLIT into training and test data.
2026-09-24 10:16:39 | INFO | P06 | -------------------------------
2026-09-24 10:16:39 | INFO | P06 | 
I will use 80% of the modeling rows for training
and hold back 20% for testing.

I want most of the available data to be available
for learning the model,
while still keeping a separate set of observations
that the model did not see during training.

The test rows will be used later
to evaluate how the trained model performs
on unseen observations.

I will use a random seed of 42.

The specific value 42 is not analytically important.
I use a fixed seed so the random split is reproducible.
Running the project again will produce the same
training and test observations,
which makes results easier to reproduce and compare.

2026-09-24 10:16:39 | INFO | P06 | Training rows: 2214
2026-09-24 10:16:39 | INFO | P06 | Test rows: 554
2026-09-24 10:16:39 | INFO | P06 | -------------------------------
2026-09-24 10:16:39 | INFO | P06 | 05. BASELINE with a simple reference model.
2026-09-24 10:16:39 | INFO | P06 | -------------------------------
2026-09-24 10:16:39 | INFO | P06 | 
Before evaluating the LinearRegression model,
I need a simple baseline for comparison.

The baseline will ignore schooling 
and predict the average life expectancy
from the training data for every test observation.

A useful predictive model should improve
on this simple reference prediction.

2026-09-24 10:16:39 | INFO | P06 | Baseline strategy: mean
2026-09-24 10:16:39 | INFO | P06 | Baseline RMSE: 9.30
2026-09-24 10:16:39 | INFO | P06 | Baseline R-squared: -0.002
2026-09-24 10:16:39 | INFO | P06 | -------------------------------
2026-09-24 10:16:39 | INFO | P06 | 06. TRAIN a LinearRegression model.
2026-09-24 10:16:39 | INFO | P06 | -------------------------------
2026-09-24 10:16:39 | INFO | P06 | 
I will use LinearRegression.

Linear regression fits a straight-line relationship
between the selected feature and target.

This gives a simple and interpretable model
that can be compared with the baseline.

Fitting a line does not prove that a straight line
is a good description of the relationship.

The evaluation metrics and residual plot
will help assess whether the model is useful.

2026-09-24 10:16:39 | INFO | P06 | The model learned this line:
2026-09-24 10:16:39 | INFO | P06 | Life expectancy = 2.083 * Schooling + 44.439
2026-09-24 10:16:39 | INFO | P06 | -------------------------------
2026-09-24 10:16:39 | INFO | P06 | 07. PREDICT on X_test.
2026-09-24 10:16:39 | INFO | P06 | -------------------------------
2026-09-24 10:16:39 | INFO | P06 | Predictions created: 554
2026-09-24 10:16:39 | INFO | P06 | -------------------------------
2026-09-24 10:16:39 | INFO | P06 | 08. EVALUATE baseline vs model on y_test.
2026-09-24 10:16:39 | INFO | P06 | -------------------------------
2026-09-24 10:16:39 | INFO | P06 | BASELINE RESULTS
2026-09-24 10:16:39 | INFO | P06 | RMSE:      9.30
2026-09-24 10:16:39 | INFO | P06 | R-squared: -0.002
2026-09-24 10:16:39 | INFO | P06 | LINEAR REGRESSION RESULTS
2026-09-24 10:16:39 | INFO | P06 | RMSE:      5.82
2026-09-24 10:16:39 | INFO | P06 | R-squared: 0.608
2026-09-24 10:16:39 | INFO | P06 | -------------------------------
2026-09-24 10:16:39 | INFO | P06 | 09. VISUALIZE predictions and residuals.
2026-09-24 10:16:39 | INFO | P06 | -------------------------------
2026-09-24 10:16:40 | INFO | P06 | Chart saved successfully at docs/images/regression-predictions.png.
2026-09-24 10:16:40 | INFO | P06 | Chart saved successfully at docs/images/regression-residuals.png.
2026-09-24 10:16:40 | INFO | P06 | -------------------------------
2026-09-24 10:16:40 | INFO | P06 | 10. ASSESS the results.
2026-09-24 10:16:40 | INFO | P06 | -------------------------------
2026-09-24 10:16:40 | INFO | P06 | CUSTOM OBSERVATIONS:
    I used schooling to predict mortality.

    The baseline RMSE was ...
    The LinearRegression RMSE was ...

    Compared with the baseline,
    the LinearRegression model ...

    The model R-squared was ...

    In the residual plot, I observed ...

    Based on this evidence,
    I conclude ...

    Next, I would like to try ...
    
2026-09-24 10:16:40 | INFO | P06 | In a script, call plt.show() at the end to display all charts.
2026-09-24 10:16:40 | INFO | P06 | Close all chart windows (with the close button) to continue.
2026-09-24 10:16:43 | INFO | P06 | ===================================
2026-09-24 10:16:43 | INFO | P06 | END main() - Executed successfully!
2026-09-24 10:16:43 | INFO | P06 | ===================================
2026-09-24 10:39:15 | INFO | P06 | === RUN START ===
2026-09-24 10:39:15 | INFO | P06 | project=P06 - LINEAR REGRESSION
2026-09-24 10:39:15 | INFO | P06 | repo_dir=datafun-06-ml
2026-09-24 10:39:15 | INFO | P06 | python=3.14.7
2026-09-24 10:39:15 | INFO | P06 | os=Darwin 23.5.0
2026-09-24 10:39:15 | INFO | P06 | shell=zsh
2026-09-24 10:39:15 | INFO | P06 | cwd=.
2026-09-24 10:39:15 | INFO | P06 | github_actions=False
2026-09-24 10:39:15 | INFO | P06 | ===================================
2026-09-24 10:39:15 | INFO | P06 | START main()
2026-09-24 10:39:15 | INFO | P06 | ===================================
2026-09-24 10:39:15 | INFO | P06 | -------------------------------
2026-09-24 10:39:15 | INFO | P06 | 01. OBSERVE the data and prior findings.
2026-09-24 10:39:15 | INFO | P06 | -------------------------------
2026-09-24 10:39:15 | INFO | P06 | data file = data/raw/life_expectancy_table.csv
2026-09-24 10:39:15 | INFO | P06 | Data loaded successfully.
2026-09-24 10:39:15 | INFO | P06 | Grain: one country
2026-09-24 10:39:15 | INFO | P06 | Rows: 2938
2026-09-24 10:39:15 | INFO | P06 | Columns: 22
2026-09-24 10:39:15 | INFO | P06 | Column names: ['Country', 'Year', 'Status', 'Life expectancy', 'Adult Mortality', 'infant deaths', 'Alcohol', 'percentage expenditure', 'Hepatitis B', 'Measles', 'BMI', 'under-five deaths', 'Polio', 'Total expenditure', 'Diphtheria', 'HIV/AIDS', 'GDP', 'Population', 'thinness  1-19 years', 'thinness 5-9 years', 'Income composition of resources', 'Schooling']
2026-09-24 10:39:15 | INFO | P06 | -------------------------------
2026-09-24 10:39:15 | INFO | P06 | 02. DECLARE the target and feature.
2026-09-24 10:39:15 | INFO | P06 | -------------------------------
2026-09-24 10:39:15 | INFO | P06 | Target:  Life expectancy
2026-09-24 10:39:15 | INFO | P06 | Feature: Schooling
2026-09-24 10:39:15 | INFO | P06 | 
I want to predict life expectancy.

I selected schooling as the feature.

Higher schooling may be associated with better health outcomes,
so schooling might contain useful information
for predicting life expectancy.

I do not know yet how well schooling will predict life expectancy.
The modeling process will provide evidence.

2026-09-24 10:39:15 | INFO | P06 | -------------------------------
2026-09-24 10:39:15 | INFO | P06 | 03. PREPARE the modeling data.
2026-09-24 10:39:15 | INFO | P06 | -------------------------------
2026-09-24 10:39:15 | INFO | P06 | Original rows: 2938
2026-09-24 10:39:15 | INFO | P06 | Modeling rows: 2768
2026-09-24 10:39:15 | INFO | P06 | Rows dropped: 170
2026-09-24 10:39:15 | INFO | P06 | X shape: (2768, 1)
2026-09-24 10:39:15 | INFO | P06 | y shape: (2768,)
2026-09-24 10:39:15 | INFO | P06 | -------------------------------
2026-09-24 10:39:15 | INFO | P06 | 04. SPLIT into training and test data.
2026-09-24 10:39:15 | INFO | P06 | -------------------------------
2026-09-24 10:39:15 | INFO | P06 | 
I will use 80% of the modeling rows for training
and hold back 20% for testing.

I want most of the available data to be available
for learning the model,
while still keeping a separate set of observations
that the model did not see during training.

The test rows will be used later
to evaluate how the trained model performs
on unseen observations.

I will use a random seed of 42.

The specific value 42 is not analytically important.
I use a fixed seed so the random split is reproducible.
Running the project again will produce the same
training and test observations,
which makes results easier to reproduce and compare.

2026-09-24 10:39:15 | INFO | P06 | Training rows: 2214
2026-09-24 10:39:15 | INFO | P06 | Test rows: 554
2026-09-24 10:39:15 | INFO | P06 | -------------------------------
2026-09-24 10:39:15 | INFO | P06 | 05. BASELINE with a simple reference model.
2026-09-24 10:39:15 | INFO | P06 | -------------------------------
2026-09-24 10:39:15 | INFO | P06 | 
Before evaluating the LinearRegression model,
I need a simple baseline for comparison.

The baseline will ignore schooling 
and predict the average life expectancy
from the training data for every test observation.

A useful predictive model should improve
on this simple reference prediction.

2026-09-24 10:39:15 | INFO | P06 | Baseline strategy: mean
2026-09-24 10:39:15 | INFO | P06 | Baseline RMSE: 9.30
2026-09-24 10:39:15 | INFO | P06 | Baseline R-squared: -0.002
2026-09-24 10:39:15 | INFO | P06 | -------------------------------
2026-09-24 10:39:15 | INFO | P06 | 06. TRAIN a LinearRegression model.
2026-09-24 10:39:15 | INFO | P06 | -------------------------------
2026-09-24 10:39:15 | INFO | P06 | 
I will use LinearRegression.

Linear regression fits a straight-line relationship
between the selected feature and target.

This gives a simple and interpretable model
that can be compared with the baseline.

Fitting a line does not prove that a straight line
is a good description of the relationship.

The evaluation metrics and residual plot
will help assess whether the model is useful.

2026-09-24 10:39:15 | INFO | P06 | The model learned this line:
2026-09-24 10:39:15 | INFO | P06 | Life expectancy = 2.083 * Schooling + 44.439
2026-09-24 10:39:15 | INFO | P06 | -------------------------------
2026-09-24 10:39:15 | INFO | P06 | 07. PREDICT on X_test.
2026-09-24 10:39:15 | INFO | P06 | -------------------------------
2026-09-24 10:39:15 | INFO | P06 | Predictions created: 554
2026-09-24 10:39:15 | INFO | P06 | -------------------------------
2026-09-24 10:39:15 | INFO | P06 | 08. EVALUATE baseline vs model on y_test.
2026-09-24 10:39:15 | INFO | P06 | -------------------------------
2026-09-24 10:39:15 | INFO | P06 | BASELINE RESULTS
2026-09-24 10:39:15 | INFO | P06 | RMSE:      9.30
2026-09-24 10:39:15 | INFO | P06 | R-squared: -0.002
2026-09-24 10:39:15 | INFO | P06 | LINEAR REGRESSION RESULTS
2026-09-24 10:39:15 | INFO | P06 | RMSE:      5.82
2026-09-24 10:39:15 | INFO | P06 | R-squared: 0.608
2026-09-24 10:39:15 | INFO | P06 | -------------------------------
2026-09-24 10:39:15 | INFO | P06 | 09. VISUALIZE predictions and residuals.
2026-09-24 10:39:15 | INFO | P06 | -------------------------------
2026-09-24 10:39:16 | INFO | P06 | Chart saved successfully at docs/images/regression-predictions.png.
2026-09-24 10:39:16 | INFO | P06 | Chart saved successfully at docs/images/regression-residuals.png.
2026-09-24 10:39:16 | INFO | P06 | -------------------------------
2026-09-24 10:39:16 | INFO | P06 | 10. ASSESS the results.
2026-09-24 10:39:16 | INFO | P06 | -------------------------------
2026-09-24 10:39:16 | INFO | P06 | CUSTOM OBSERVATIONS:
    I used schooling to predict mortality.

    The baseline RMSE was 9.30.
    The LinearRegression RMSE was 5.82.

    Compared with the baseline,
    the LinearRegression model improved 
    performance, reducing the average prediction error by 3.48 years (a ~37.4% reduction in error).

    The model R-squared was 0.608 meaning that 
    about 60% of the variance in life expectancy
    can be explained by schooling.

    In the residual plot, I observed the spread
    of the residuals are not uniform across the 0-axis. 
    
    Based on this evidence, the model may not be capturing all the 
    factors influencing life expectancy, and there might be 
    some systematic patterns in the residuals.
    
    I conclude that the LinearRegression model using schooling 
    as a predictor for life expectancy provides a reasonable fit 
    for life expectancy, but it does not capture all the factors influencing it.

    Next, I would like to try a gradient boosting model 
    to incorporate multiple features to improve the model's predictive power.
    
2026-09-24 10:39:16 | INFO | P06 | In a script, call plt.show() at the end to display all charts.
2026-09-24 10:39:16 | INFO | P06 | Close all chart windows (with the close button) to continue.
2026-09-24 10:39:25 | INFO | P06 | ===================================
2026-09-24 10:39:25 | INFO | P06 | END main() - Executed successfully!
2026-09-24 10:39:25 | INFO | P06 | ===================================
2026-09-24 11:13:33 | INFO | P06 | === RUN START ===
2026-09-24 11:13:33 | INFO | P06 | project=P06 - LINEAR REGRESSION
2026-09-24 11:13:33 | INFO | P06 | repo_dir=datafun-06-ml
2026-09-24 11:13:33 | INFO | P06 | python=3.14.7
2026-09-24 11:13:33 | INFO | P06 | os=Darwin 23.5.0
2026-09-24 11:13:33 | INFO | P06 | shell=zsh
2026-09-24 11:13:33 | INFO | P06 | cwd=.
2026-09-24 11:13:33 | INFO | P06 | github_actions=False
2026-09-24 11:13:33 | INFO | P06 | ===================================
2026-09-24 11:13:33 | INFO | P06 | START main()
2026-09-24 11:13:33 | INFO | P06 | ===================================
2026-09-24 11:13:33 | INFO | P06 | -------------------------------
2026-09-24 11:13:33 | INFO | P06 | 01. OBSERVE the data and prior findings.
2026-09-24 11:13:33 | INFO | P06 | -------------------------------
2026-09-24 11:13:33 | INFO | P06 | data file = data/raw/life_expectancy_table.csv
2026-09-24 11:13:33 | INFO | P06 | Data loaded successfully.
2026-09-24 11:13:33 | INFO | P06 | Grain: one country
2026-09-24 11:13:33 | INFO | P06 | Rows: 2938
2026-09-24 11:13:33 | INFO | P06 | Columns: 22
2026-09-24 11:13:33 | INFO | P06 | Column names: ['Country', 'Year', 'Status', 'Life expectancy', 'Adult Mortality', 'infant deaths', 'Alcohol', 'percentage expenditure', 'Hepatitis B', 'Measles', 'BMI', 'under-five deaths', 'Polio', 'Total expenditure', 'Diphtheria', 'HIV/AIDS', 'GDP', 'Population', 'thinness  1-19 years', 'thinness 5-9 years', 'Income composition of resources', 'Schooling']
2026-09-24 11:13:33 | INFO | P06 | -------------------------------
2026-09-24 11:13:33 | INFO | P06 | 02. DECLARE the target and feature.
2026-09-24 11:13:33 | INFO | P06 | -------------------------------
2026-09-24 11:13:33 | INFO | P06 | Target:  Life expectancy
2026-09-24 11:13:33 | INFO | P06 | Feature: Schooling
2026-09-24 11:13:33 | INFO | P06 | 
I want to predict life expectancy.

I selected schooling as the feature.

Higher schooling may be associated with better health outcomes,
so schooling might contain useful information
for predicting life expectancy.

I do not know yet how well schooling will predict life expectancy.
The modeling process will provide evidence.

2026-09-24 11:13:33 | INFO | P06 | -------------------------------
2026-09-24 11:13:33 | INFO | P06 | 03. PREPARE the modeling data.
2026-09-24 11:13:33 | INFO | P06 | -------------------------------
2026-09-24 11:13:33 | INFO | P06 | Original rows: 2938
2026-09-24 11:13:33 | INFO | P06 | Modeling rows: 2768
2026-09-24 11:13:33 | INFO | P06 | Rows dropped: 170
2026-09-24 11:13:33 | INFO | P06 | X shape: (2768, 1)
2026-09-24 11:13:33 | INFO | P06 | y shape: (2768,)
2026-09-24 11:13:33 | INFO | P06 | -------------------------------
2026-09-24 11:13:33 | INFO | P06 | 04. SPLIT into training and test data.
2026-09-24 11:13:33 | INFO | P06 | -------------------------------
2026-09-24 11:13:33 | INFO | P06 | 
I will use 80% of the modeling rows for training
and hold back 20% for testing.

I want most of the available data to be available
for learning the model,
while still keeping a separate set of observations
that the model did not see during training.

The test rows will be used later
to evaluate how the trained model performs
on unseen observations.

I will use a random seed of 42.

The specific value 42 is not analytically important.
I use a fixed seed so the random split is reproducible.
Running the project again will produce the same
training and test observations,
which makes results easier to reproduce and compare.

2026-09-24 11:13:33 | INFO | P06 | Training rows: 2214
2026-09-24 11:13:33 | INFO | P06 | Test rows: 554
2026-09-24 11:13:33 | INFO | P06 | -------------------------------
2026-09-24 11:13:33 | INFO | P06 | 05. BASELINE with a simple reference model.
2026-09-24 11:13:33 | INFO | P06 | -------------------------------
2026-09-24 11:13:33 | INFO | P06 | 
Before evaluating the LinearRegression model,
I need a simple baseline for comparison.

The baseline will ignore schooling 
and predict the average life expectancy
from the training data for every test observation.

A useful predictive model should improve
on this simple reference prediction.

2026-09-24 11:13:33 | INFO | P06 | Baseline strategy: mean
2026-09-24 11:13:33 | INFO | P06 | Baseline RMSE: 9.30
2026-09-24 11:13:33 | INFO | P06 | Baseline R-squared: -0.002
2026-09-24 11:13:33 | INFO | P06 | -------------------------------
2026-09-24 11:13:33 | INFO | P06 | 06. TRAIN a LinearRegression model.
2026-09-24 11:13:33 | INFO | P06 | -------------------------------
2026-09-24 11:13:33 | INFO | P06 | 
I will use LinearRegression.

Linear regression fits a straight-line relationship
between the selected feature and target.

This gives a simple and interpretable model
that can be compared with the baseline.

Fitting a line does not prove that a straight line
is a good description of the relationship.

The evaluation metrics and residual plot
will help assess whether the model is useful.

2026-09-24 11:13:33 | INFO | P06 | The model learned this line:
2026-09-24 11:13:33 | INFO | P06 | Life expectancy = 2.083 * Schooling + 44.439
2026-09-24 11:13:33 | INFO | P06 | -------------------------------
2026-09-24 11:13:33 | INFO | P06 | 07. PREDICT on X_test.
2026-09-24 11:13:33 | INFO | P06 | -------------------------------
2026-09-24 11:13:33 | INFO | P06 | Predictions created: 554
2026-09-24 11:13:33 | INFO | P06 | -------------------------------
2026-09-24 11:13:33 | INFO | P06 | 08. EVALUATE baseline vs model on y_test.
2026-09-24 11:13:33 | INFO | P06 | -------------------------------
2026-09-24 11:13:33 | INFO | P06 | BASELINE RESULTS
2026-09-24 11:13:33 | INFO | P06 | RMSE:      9.30
2026-09-24 11:13:33 | INFO | P06 | R-squared: -0.002
2026-09-24 11:13:33 | INFO | P06 | LINEAR REGRESSION RESULTS
2026-09-24 11:13:33 | INFO | P06 | RMSE:      5.82
2026-09-24 11:13:33 | INFO | P06 | R-squared: 0.608
2026-09-24 11:13:33 | INFO | P06 | -------------------------------
2026-09-24 11:13:33 | INFO | P06 | 09. VISUALIZE predictions and residuals.
2026-09-24 11:13:33 | INFO | P06 | -------------------------------
2026-09-24 11:13:34 | INFO | P06 | Chart saved successfully at docs/images/regression-predictions.png.
2026-09-24 11:13:34 | INFO | P06 | Chart saved successfully at docs/images/regression-residuals.png.
2026-09-24 11:13:34 | INFO | P06 | -------------------------------
2026-09-24 11:13:34 | INFO | P06 | 10. ASSESS the results.
2026-09-24 11:13:34 | INFO | P06 | -------------------------------
2026-09-24 11:13:34 | INFO | P06 | CUSTOM OBSERVATIONS:
    I used schooling to predict mortality.

    The baseline RMSE was 9.30.
    The LinearRegression RMSE was 5.82.

    Compared with the baseline,
    the LinearRegression model improved 
    performance, reducing the average prediction error by 3.48 years (a ~37.4% reduction in error).

    The model R-squared was 0.608 meaning that 
    about 60% of the variance in life expectancy
    can be explained by schooling.

    In the residual plot, I observed the spread
    of the residuals are not uniform across the 0-axis. 
    
    Based on this evidence, the model may not be capturing all the 
    factors influencing life expectancy, and there might be 
    some systematic patterns in the residuals.
    
    I conclude that the LinearRegression model using schooling 
    as a predictor for life expectancy provides a reasonable fit 
    for life expectancy, but it does not capture all the factors influencing it.

    Next, I would like to try a gradient boosting model 
    to incorporate multiple features to improve the model's predictive power.
    
2026-09-24 11:13:34 | INFO | P06 | In a script, call plt.show() at the end to display all charts.
2026-09-24 11:13:34 | INFO | P06 | Close all chart windows (with the close button) to continue.
2026-09-24 11:13:36 | INFO | P06 | ===================================
2026-09-24 11:13:36 | INFO | P06 | END main() - Executed successfully!
2026-09-24 11:13:36 | INFO | P06 | ===================================
2026-09-24 12:29:20 | INFO | P06 | === RUN START ===
2026-09-24 12:29:20 | INFO | P06 | project=P06 - LINEAR REGRESSION
2026-09-24 12:29:20 | INFO | P06 | repo_dir=datafun-06-ml
2026-09-24 12:29:20 | INFO | P06 | python=3.14.7
2026-09-24 12:29:20 | INFO | P06 | os=Darwin 23.5.0
2026-09-24 12:29:20 | INFO | P06 | shell=zsh
2026-09-24 12:29:20 | INFO | P06 | cwd=.
2026-09-24 12:29:20 | INFO | P06 | github_actions=False
2026-09-24 12:29:20 | INFO | P06 | ===================================
2026-09-24 12:29:20 | INFO | P06 | START main()
2026-09-24 12:29:20 | INFO | P06 | ===================================
2026-09-24 12:29:20 | INFO | P06 | -------------------------------
2026-09-24 12:29:20 | INFO | P06 | 01. OBSERVE the data and prior findings.
2026-09-24 12:29:20 | INFO | P06 | -------------------------------
2026-09-24 12:29:20 | INFO | P06 | data file = data/raw/life_expectancy_table.csv
2026-09-24 12:29:20 | INFO | P06 | Data loaded successfully.
2026-09-24 12:29:20 | INFO | P06 | Grain: one country
2026-09-24 12:29:20 | INFO | P06 | Rows: 2938
2026-09-24 12:29:20 | INFO | P06 | Columns: 22
2026-09-24 12:29:20 | INFO | P06 | Column names: ['Country', 'Year', 'Status', 'Life expectancy', 'Adult Mortality', 'infant deaths', 'Alcohol', 'percentage expenditure', 'Hepatitis B', 'Measles', 'BMI', 'under-five deaths', 'Polio', 'Total expenditure', 'Diphtheria', 'HIV/AIDS', 'GDP', 'Population', 'thinness  1-19 years', 'thinness 5-9 years', 'Income composition of resources', 'Schooling']
2026-09-24 12:29:20 | INFO | P06 | -------------------------------
2026-09-24 12:29:20 | INFO | P06 | 02. DECLARE the target and feature.
2026-09-24 12:29:20 | INFO | P06 | -------------------------------
2026-09-24 12:29:20 | INFO | P06 | Target:  Life expectancy
2026-09-24 12:29:20 | INFO | P06 | Feature: Schooling
2026-09-24 12:29:20 | INFO | P06 | 
I want to predict life expectancy.

I selected schooling as the feature.

Level of schooling may be associated 
with life expectancy.

I do not know yet how well schooling 
will predict life expectancy.
The modeling process will provide evidence.

2026-09-24 12:29:20 | INFO | P06 | -------------------------------
2026-09-24 12:29:20 | INFO | P06 | 03. PREPARE the modeling data.
2026-09-24 12:29:20 | INFO | P06 | -------------------------------
2026-09-24 12:29:20 | INFO | P06 | Original rows: 2938
2026-09-24 12:29:20 | INFO | P06 | Modeling rows: 2768
2026-09-24 12:29:20 | INFO | P06 | Rows dropped: 170
2026-09-24 12:29:20 | INFO | P06 | X shape: (2768, 1)
2026-09-24 12:29:20 | INFO | P06 | y shape: (2768,)
2026-09-24 12:29:20 | INFO | P06 | -------------------------------
2026-09-24 12:29:20 | INFO | P06 | 04. SPLIT into training and test data.
2026-09-24 12:29:20 | INFO | P06 | -------------------------------
2026-09-24 12:29:20 | INFO | P06 | 
I will use 80% of the modeling rows for training
and hold back 20% for testing.

I want most of the available data to be available
for learning the model,
while still keeping a separate set of observations
that the model did not see during training.

The test rows will be used later
to evaluate how the trained model performs
on unseen observations.

I will use a random seed of 42.

The specific value 42 is not analytically important.
I use a fixed seed so the random split is reproducible.
Running the project again will produce the same
training and test observations,
which makes results easier to reproduce and compare.

2026-09-24 12:29:20 | INFO | P06 | Training rows: 2214
2026-09-24 12:29:20 | INFO | P06 | Test rows: 554
2026-09-24 12:29:20 | INFO | P06 | -------------------------------
2026-09-24 12:29:20 | INFO | P06 | 05. BASELINE with a simple reference model.
2026-09-24 12:29:20 | INFO | P06 | -------------------------------
2026-09-24 12:29:20 | INFO | P06 | 
Before evaluating the LinearRegression model,
I need a simple baseline for comparison.

The baseline will ignore schooling 
and predict the average life expectancy
from the training data for every test observation.

A useful predictive model should improve
on this simple reference prediction.

2026-09-24 12:29:20 | INFO | P06 | Baseline strategy: mean
2026-09-24 12:29:20 | INFO | P06 | Baseline RMSE: 9.30
2026-09-24 12:29:20 | INFO | P06 | Baseline R-squared: -0.002
2026-09-24 12:29:20 | INFO | P06 | -------------------------------
2026-09-24 12:29:20 | INFO | P06 | 06. TRAIN a LinearRegression model.
2026-09-24 12:29:20 | INFO | P06 | -------------------------------
2026-09-24 12:29:20 | INFO | P06 | 
I will use LinearRegression.

Linear regression fits a straight-line relationship
between the selected feature and target.

This gives a simple and interpretable model
that can be compared with the baseline.

Fitting a line does not prove that a straight line
is a good description of the relationship.

The evaluation metrics and residual plot
will help assess whether the model is useful.

2026-09-24 12:29:20 | INFO | P06 | The model learned this line:
2026-09-24 12:29:20 | INFO | P06 | Life expectancy = 2.083 * Schooling + 44.439
2026-09-24 12:29:20 | INFO | P06 | -------------------------------
2026-09-24 12:29:20 | INFO | P06 | 07. PREDICT on X_test.
2026-09-24 12:29:20 | INFO | P06 | -------------------------------
2026-09-24 12:29:20 | INFO | P06 | Predictions created: 554
2026-09-24 12:29:20 | INFO | P06 | -------------------------------
2026-09-24 12:29:20 | INFO | P06 | 08. EVALUATE baseline vs model on y_test.
2026-09-24 12:29:20 | INFO | P06 | -------------------------------
2026-09-24 12:29:20 | INFO | P06 | BASELINE RESULTS
2026-09-24 12:29:20 | INFO | P06 | RMSE:      9.30
2026-09-24 12:29:20 | INFO | P06 | R-squared: -0.002
2026-09-24 12:29:20 | INFO | P06 | LINEAR REGRESSION RESULTS
2026-09-24 12:29:20 | INFO | P06 | RMSE:      5.82
2026-09-24 12:29:20 | INFO | P06 | R-squared: 0.608
2026-09-24 12:29:20 | INFO | P06 | -------------------------------
2026-09-24 12:29:20 | INFO | P06 | 09. VISUALIZE predictions and residuals.
2026-09-24 12:29:20 | INFO | P06 | -------------------------------
2026-09-24 12:29:21 | INFO | P06 | Chart saved successfully at docs/images/regression-predictions.png.
2026-09-24 12:29:21 | INFO | P06 | Chart saved successfully at docs/images/regression-residuals.png.
2026-09-24 12:29:21 | INFO | P06 | -------------------------------
2026-09-24 12:29:21 | INFO | P06 | 10. ASSESS the results.
2026-09-24 12:29:21 | INFO | P06 | -------------------------------
2026-09-24 12:29:21 | INFO | P06 | CUSTOM OBSERVATIONS:
    I used schooling to predict mortality.

    The baseline RMSE was 9.30.
    The LinearRegression RMSE was 5.82.

    Compared with the baseline,
    the LinearRegression model improved 
    performance, reducing the average prediction error by 3.48 years (a ~37.4% reduction in error).

    The model R-squared was 0.608 meaning that 
    about 60% of the variance in life expectancy
    can be explained by schooling.

    In the residual plot, I observed the spread
    of the residuals are not uniform across the 0-axis. 
    
    Based on this evidence, the model may not be capturing all the 
    factors influencing life expectancy, and there might be 
    some systematic patterns in the residuals.
    
    I conclude that the LinearRegression model using schooling 
    as a predictor for life expectancy provides a reasonable fit 
    for life expectancy, but it does not capture all the factors influencing it.

    Next, I would like to try a gradient boosting model 
    to incorporate multiple features to improve the model's predictive power.
    
2026-09-24 12:29:21 | INFO | P06 | In a script, call plt.show() at the end to display all charts.
2026-09-24 12:29:21 | INFO | P06 | Close all chart windows (with the close button) to continue.
2026-09-24 12:29:24 | INFO | P06 | ===================================
2026-09-24 12:29:24 | INFO | P06 | END main() - Executed successfully!
2026-09-24 12:29:24 | INFO | P06 | ===================================
